M	docs/library-packages-upgrade/backlog.yaml
A	docs/library-packages-upgrade/justifications/T-20.md
A	docs/library-packages-upgrade/qa-runs/T-20-20260429/01-home.png
A	docs/library-packages-upgrade/qa-runs/T-20-20260429/02-posts-index.png
A	docs/library-packages-upgrade/qa-runs/T-20-20260429/03-post-with-images.png
A	docs/library-packages-upgrade/qa-runs/T-20-20260429/04-post-with-carousel.png
A	docs/library-packages-upgrade/qa-runs/T-20-20260429/05-tips-index.png
A	docs/library-packages-upgrade/qa-runs/T-20-20260429/06-tags-index.png
A	docs/library-packages-upgrade/qa-runs/T-20-20260429/07-tag-detail.png
A	docs/library-packages-upgrade/qa-runs/T-20-20260429/08-threads-index.png
A	docs/library-packages-upgrade/qa-runs/T-20-20260429/09-about.png
A	docs/library-packages-upgrade/qa-runs/T-20-20260429/10-404.png
M	package.json
M	pnpm-lock.yaml
M	src/components/Thread.tsx
R087	src/content/config.ts	src/content.config.ts
M	src/layouts/Layout.astro
M	src/layouts/PostDetails.astro
M	src/layouts/Posts.astro
M	src/layouts/TagPosts.astro
M	src/layouts/TipDetails.astro
M	src/layouts/Tips.astro
M	src/pages/index.astro
M	src/pages/posts/[slug]/index.astro
M	src/pages/posts/[slug]/index.png.ts
M	src/pages/rss.xml.ts
M	src/pages/search.astro
M	src/pages/sitemap-posts.xml.ts
M	src/pages/tags/[tag]/[page].astro
M	src/utils/getThreadDetail.ts
M	src/utils/getThreadPositions.ts
