 .github/dependabot.yml                             |  94 ++--
 .github/workflows/ci.yml                           |  54 +-
 .github/workflows/deploy.yml                       |  68 +--
 .prettierignore                                    |   8 +-
 .prettierrc                                        |  36 +-
 README.md                                          |   2 +-
 docs/library-packages-upgrade/backlog.yaml         |  14 +-
 .../justifications/T-25.md                         | 206 ++++++++
 eslint.config.js                                   |   4 +-
 package.json                                       |  12 +-
 pnpm-lock.yaml                                     | 445 ++++++++--------
 public/toggle-theme.js                             |  90 ++--
 src/components/Breadcrumbs.astro                   | 112 +++--
 src/components/Card.tsx                            |   6 +-
 src/components/ClickableImage.astro                |  14 +-
 src/components/Datetime.tsx                        |   2 +-
 src/components/Footer.astro                        |  62 +--
 src/components/Header.astro                        | 427 ++++++++--------
 src/components/Hr.astro                            |   8 +-
 src/components/ImageSlider.astro                   |   8 +-
 src/components/ImageSliderClient.tsx               |  13 +-
 src/components/LinkButton.astro                    |  48 +-
 src/components/Pagination.astro                    |  88 ++--
 src/components/ShareLinks.astro                    | 108 ++--
 src/components/Socials.astro                       |  48 +-
 src/components/Tag.astro                           |  60 +--
 src/components/TagsList.tsx                        |  24 +-
 src/components/Thread.tsx                          |  10 +-
 src/components/ThreadCard.tsx                      |  12 +-
 src/components/TipCard.tsx                         |  54 +-
 src/config.ts                                      |  68 +--
 src/content/blog/audio-vs-paper-books.md           |  34 +-
 src/content/blog/dad-ops-playbook.mdx              |  28 +-
 src/content/blog/ems-connecting-the-systems.md     |  10 +-
 src/content/blog/ems-the-decision-system.md        |   8 +-
 src/content/blog/ems-why-systems-not-processes.md  |   4 +-
 .../blog/flutter-building-number-picker.mdx        |   6 +-
 .../blog/flutter-google-maps-embedded-map.mdx      |   6 +-
 src/content/blog/flutter-google-maps-setup.md      |  70 +--
 src/content/blog/from-skeptic-to-champion.mdx      |  18 +-
 .../blog/local-coding-model-desktop-macbook.md     |  38 +-
 src/content/blog/speed-vs-process.md               |   6 +-
 src/content/blog/system-design-cap-theorem.md      |   6 +-
 src/content/blog/this-blog.md                      |   8 +-
 .../blog/two-horses-asses-is-it-that-bad.mdx       |   4 +-
 ...team-is-only-as-fast-as-its-slowest-engineer.md |  16 +-
 src/content/tips/procrastination.md                |   8 +-
 src/layouts/AboutLayout.astro                      |  38 +-
 src/layouts/Main.astro                             | 109 ++--
 src/layouts/PostDetails.astro                      | 557 +++++++++++----------
 src/layouts/Posts.astro                            |  84 ++--
 src/layouts/TagPosts.astro                         | 179 +++----
 src/layouts/ThreadDetail.astro                     | 218 ++++----
 src/layouts/Threads.astro                          |  75 +--
 src/layouts/TipDetails.astro                       | 156 +++---
 src/layouts/Tips.astro                             | 423 +++++++++-------
 src/pages/404.astro                                |  66 +--
 src/pages/about.md                                 |   9 +-
 src/pages/index.astro                              | 250 +++++----
 src/pages/og.png.ts                                |  10 +-
 src/pages/posts/[slug]/index.astro                 |  82 +--
 src/pages/posts/[slug]/index.png.ts                |   4 +-
 src/pages/posts/index.astro                        |  18 +-
 src/pages/search.astro                             |  36 +-
 src/pages/tags/[tag]/[page].astro                  |  64 +--
 src/pages/tags/[tag]/index.astro                   |  48 +-
 src/pages/tags/index.astro                         |  28 +-
 src/pages/threads/[slug]/index.astro               |  26 +-
 src/pages/threads/index.astro                      |  14 +-
 src/pages/tips/[slug]/index.astro                  |  44 +-
 src/pages/tips/index.astro                         |  18 +-
 src/styles/base.css                                | 297 +++++------
 src/types.ts                                       |  34 +-
 src/utils/collectionFilter.ts                      |  14 +-
 src/utils/generateOgImages.tsx                     |  86 ++--
 src/utils/getPageNumbers.ts                        |  14 +-
 src/utils/getPagination.ts                         |  48 +-
 src/utils/getPostsByTag.ts                         |  14 +-
 src/utils/og-templates/post.tsx                    | 181 +++----
 src/utils/og-templates/site.tsx                    | 162 +++---
 src/utils/slugify.ts                               |   2 +-
 tsconfig.json                                      |  60 +--
 82 files changed, 3115 insertions(+), 2828 deletions(-)
