 .github/dependabot.yml                             |  46 +--
 .prettierignore                                    |   6 +
 docs/library-packages-upgrade/backlog.yaml         |  14 +-
 .../justifications/T-25.md                         | 206 ++++++++++
 eslint.config.js                                   |   4 +-
 package.json                                       |  12 +-
 pnpm-lock.yaml                                     | 445 +++++++++------------
 public/toggle-theme.js                             |  32 +-
 src/components/Breadcrumbs.astro                   |  18 +-
 src/components/Card.tsx                            |   6 +-
 src/components/ClickableImage.astro                |   8 +-
 src/components/Datetime.tsx                        |   2 +-
 src/components/Footer.astro                        |   6 +-
 src/components/Header.astro                        |  95 +++--
 src/components/Hr.astro                            |   2 +-
 src/components/ImageSlider.astro                   |   2 +-
 src/components/ImageSliderClient.tsx               |  13 +-
 src/components/LinkButton.astro                    |   2 +-
 src/components/Pagination.astro                    |  14 +-
 src/components/ShareLinks.astro                    |  28 +-
 src/components/Socials.astro                       |   8 +-
 src/components/Tag.astro                           |  20 +-
 src/components/TagsList.tsx                        |  24 +-
 src/components/Thread.tsx                          |  10 +-
 src/components/ThreadCard.tsx                      |  12 +-
 src/components/TipCard.tsx                         |  16 +-
 src/config.ts                                      |  28 +-
 .../blog/local-coding-model-desktop-macbook.md     |   2 +-
 src/layouts/AboutLayout.astro                      |  16 +-
 src/layouts/Main.astro                             |  29 +-
 src/layouts/PostDetails.astro                      | 129 +++---
 src/layouts/Posts.astro                            |  30 +-
 src/layouts/TagPosts.astro                         |  67 ++--
 src/layouts/ThreadDetail.astro                     |  90 +++--
 src/layouts/Threads.astro                          |  31 +-
 src/layouts/TipDetails.astro                       |  42 +-
 src/layouts/Tips.astro                             | 151 ++++---
 src/pages/404.astro                                |  14 +-
 src/pages/about.md                                 |   3 +-
 src/pages/index.astro                              |  48 ++-
 src/pages/og.png.ts                                |   8 +-
 src/pages/posts/[slug]/index.astro                 |  42 +-
 src/pages/posts/[slug]/index.png.ts                |   4 +-
 src/pages/posts/index.astro                        |  12 +-
 src/pages/search.astro                             |  18 +-
 src/pages/tags/[tag]/[page].astro                  |  22 +-
 src/pages/tags/[tag]/index.astro                   |  16 +-
 src/pages/tags/index.astro                         |  18 +-
 src/pages/threads/[slug]/index.astro               |  10 +-
 src/pages/threads/index.astro                      |   8 +-
 src/pages/tips/[slug]/index.astro                  |  20 +-
 src/pages/tips/index.astro                         |  12 +-
 src/styles/base.css                                |  47 +--
 src/types.ts                                       |   4 +-
 src/utils/collectionFilter.ts                      |   6 +-
 src/utils/generateOgImages.tsx                     |  24 +-
 src/utils/getPageNumbers.ts                        |   2 +-
 src/utils/getPagination.ts                         |   8 +-
 src/utils/getPostsByTag.ts                         |   8 +-
 src/utils/og-templates/post.tsx                    |  99 ++---
 src/utils/og-templates/site.tsx                    |  98 ++---
 src/utils/slugify.ts                               |   2 +-
 tsconfig.json                                      |  34 +-
 63 files changed, 1270 insertions(+), 983 deletions(-)
