BASE = 448198133fc96ac9063f82ec00ff54601b8b274b

--- Diff name-status ---
M	astro.config.mjs
M	docs/library-packages-upgrade/backlog.yaml
A	docs/library-packages-upgrade/defects/T-22-D1.md
A	docs/library-packages-upgrade/justifications/T-22.md
A	docs/library-packages-upgrade/qa-runs/T-22-20260430T030821Z/01-install.log
A	docs/library-packages-upgrade/qa-runs/T-22-20260430T030821Z/02-astro-check.log
A	docs/library-packages-upgrade/qa-runs/T-22-20260430T030821Z/03-lint.log
A	docs/library-packages-upgrade/qa-runs/T-22-20260430T030821Z/04-build.log
A	docs/library-packages-upgrade/qa-runs/T-22-20260430T030821Z/05-curl-home.log
A	docs/library-packages-upgrade/qa-runs/T-22-20260430T030821Z/05-dev.log
A	docs/library-packages-upgrade/qa-runs/T-22-20260430T030821Z/05-port.log
A	docs/library-packages-upgrade/qa-runs/T-22-20260430T030821Z/06-audit.log
A	docs/library-packages-upgrade/qa-runs/T-22-20260430T030821Z/07-tailwind-versions.log
A	docs/library-packages-upgrade/qa-runs/T-22-20260430T030821Z/09-outline-claim-check.log
A	docs/library-packages-upgrade/qa-runs/T-22-20260430T030821Z/10-reference-audit.log
A	docs/library-packages-upgrade/qa-runs/T-22-20260430T030821Z/11-opacity-audit.log
A	docs/library-packages-upgrade/qa-runs/T-22-20260430T030821Z/12-diff.log
A	docs/library-packages-upgrade/qa-runs/T-22-20260430T030821Z/visual/01-home-dark.png
A	docs/library-packages-upgrade/qa-runs/T-22-20260430T030821Z/visual/01-home-light.png
A	docs/library-packages-upgrade/qa-runs/T-22-20260430T030821Z/visual/02-posts-index-dark.png
A	docs/library-packages-upgrade/qa-runs/T-22-20260430T030821Z/visual/02-posts-index-light.png
A	docs/library-packages-upgrade/qa-runs/T-22-20260430T030821Z/visual/03-post-with-images-dark.png
A	docs/library-packages-upgrade/qa-runs/T-22-20260430T030821Z/visual/03-post-with-images-light.png
A	docs/library-packages-upgrade/qa-runs/T-22-20260430T030821Z/visual/04-post-with-carousel-dark.png
A	docs/library-packages-upgrade/qa-runs/T-22-20260430T030821Z/visual/04-post-with-carousel-light.png
A	docs/library-packages-upgrade/qa-runs/T-22-20260430T030821Z/visual/05-tips-index-dark.png
A	docs/library-packages-upgrade/qa-runs/T-22-20260430T030821Z/visual/05-tips-index-light.png
A	docs/library-packages-upgrade/qa-runs/T-22-20260430T030821Z/visual/06-tags-index-dark.png
A	docs/library-packages-upgrade/qa-runs/T-22-20260430T030821Z/visual/06-tags-index-light.png
A	docs/library-packages-upgrade/qa-runs/T-22-20260430T030821Z/visual/07-tag-detail-dark.png
A	docs/library-packages-upgrade/qa-runs/T-22-20260430T030821Z/visual/07-tag-detail-light.png
A	docs/library-packages-upgrade/qa-runs/T-22-20260430T030821Z/visual/08-threads-index-dark.png
A	docs/library-packages-upgrade/qa-runs/T-22-20260430T030821Z/visual/08-threads-index-light.png
A	docs/library-packages-upgrade/qa-runs/T-22-20260430T030821Z/visual/09-about-dark.png
A	docs/library-packages-upgrade/qa-runs/T-22-20260430T030821Z/visual/09-about-light.png
A	docs/library-packages-upgrade/qa-runs/T-22-20260430T030821Z/visual/10-404-dark.png
A	docs/library-packages-upgrade/qa-runs/T-22-20260430T030821Z/visual/10-404-light.png
M	package.json
M	pnpm-lock.yaml
A	qa-runs/T-22-20260429/visual/01-home-dark.png
A	qa-runs/T-22-20260429/visual/01-home-light-toggled.png
A	qa-runs/T-22-20260429/visual/01-home-light.png
A	qa-runs/T-22-20260429/visual/02-posts-list.png
A	qa-runs/T-22-20260429/visual/03-post-detail-top.png
A	qa-runs/T-22-20260429/visual/03-post-detail.png
A	qa-runs/T-22-20260429/visual/04-tips-list.png
A	qa-runs/T-22-20260429/visual/05-tip-detail.png
A	qa-runs/T-22-20260429/visual/06-tags.png
A	qa-runs/T-22-20260429/visual/07-tag-detail.png
A	qa-runs/T-22-20260429/visual/08-about.png
A	qa-runs/T-22-20260429/visual/09-threads.png
A	qa-runs/T-22-20260429/visual/10-404.png
A	qa-runs/T-22-fix-D1-20260430/visual/01-home-dark.png
A	qa-runs/T-22-fix-D1-20260430/visual/01-home-light.png
A	qa-runs/T-22-fix-D1-20260430/visual/02-posts-index.png
A	qa-runs/T-22-fix-D1-20260430/visual/03-post-with-images.png
A	qa-runs/T-22-fix-D1-20260430/visual/04-post-with-carousel.png
A	qa-runs/T-22-fix-D1-20260430/visual/05-tips-index.png
A	qa-runs/T-22-fix-D1-20260430/visual/06-tags-index.png
A	qa-runs/T-22-fix-D1-20260430/visual/07-tag-detail.png
A	qa-runs/T-22-fix-D1-20260430/visual/08-threads-index.png
A	qa-runs/T-22-fix-D1-20260430/visual/09-about.png
A	qa-runs/T-22-fix-D1-20260430/visual/10-404.png
M	src/components/Breadcrumbs.astro
M	src/components/Footer.astro
M	src/components/Header.astro
M	src/components/Pagination.astro
M	src/components/Search.tsx
M	src/components/ShareLinks.astro
M	src/components/Socials.astro
M	src/components/Tag.astro
M	src/layouts/Main.astro
M	src/layouts/PostDetails.astro
M	src/layouts/TipDetails.astro
M	src/layouts/Tips.astro
M	src/pages/404.astro
M	src/pages/index.astro
M	src/styles/base.css
D	tailwind.config.cjs
