* Host localhost:4325 was resolved.
* IPv6: ::1
* IPv4: 127.0.0.1
*   Trying [::1]:4325...
* Connected to localhost (::1) port 4325
> GET / HTTP/1.1
> Host: localhost:4325
> User-Agent: curl/8.7.1
> Accept: */*
> 
* Request completely sent off
< HTTP/1.1 200 OK
< Vary: Origin
< content-type: text/html
< Date: Thu, 30 Apr 2026 02:18:48 GMT
< Connection: keep-alive
< Keep-Alive: timeout=5
< Transfer-Encoding: chunked
< 
{ [81390 bytes data]
<!DOCTYPE html><html lang="en" class="false"> <head><meta charset="UTF-8"><meta name="viewport" content="width=device-width"><link rel="icon" type="image/svg+xml" href="/favicon.svg"><link rel="canonical" href="https://www.novifyx.com/"><meta name="generator" content="Astro v6.1.10"><!-- General Meta Tags --><title>Novi Fyx</title><meta name="title" content="Novi Fyx"><meta name="description" content="New Partial Derivative!"><meta name="author" content="Alexander Pustomelnyk"><link rel="sitemap" href="/sitemap-index.xml"><!-- Open Graph / Facebook --><meta property="og:title" content="Novi Fyx"><meta property="og:description" content="New Partial Derivative!"><meta property="og:url" content="https://www.novifyx.com/"><meta property="og:image" content="http://localhost:4325/novifyx-og.jpg"><!-- Article Published/Modified time --><!-- Twitter --><meta property="twitter:card" content="summary_large_image"><meta property="twitter:url" content="https://www.novifyx.com/"><meta property="twitter:title" content="Novi Fyx"><meta property="twitter:description" content="New Partial Derivative!"><meta property="twitter:image" content="http://localhost:4325/novifyx-og.jpg"><!-- Google Font (non-blocking) --><link rel="preconnect" href="https://fonts.googleapis.com"><link rel="preconnect" href="https://fonts.gstatic.com" crossorigin><link rel="preload" as="style" href="https://fonts.googleapis.com/css2?family=IBM+Plex+Mono:ital,wght@0,400;0,500;0,600;0,700;1,400;1,600&display=swap"><link rel="stylesheet" href="https://fonts.googleapis.com/css2?family=IBM+Plex+Mono:ital,wght@0,400;0,500;0,600;0,700;1,400;1,600&display=swap" media="print" onload="this.media='all'"><noscript><link rel="stylesheet" href="https://fonts.googleapis.com/css2?family=IBM+Plex+Mono:ital,wght@0,400;0,500;0,600;0,700;1,400;1,600&display=swap"></noscript><meta name="theme-color" content=""><!-- Google tag (gtag.js) --><script>
      (function () {
        try {
          const stored = localStorage.getItem('theme');
          const prefers = window.matchMedia('(prefers-color-scheme: dark)').matches;
          const theme = stored ? stored : (prefers ? 'dark' : 'light');
          if (theme === 'dark') {
            document.documentElement.classList.add('dark');
          } else {
            document.documentElement.classList.remove('dark');
          }
        } catch (_) {
          // localStorage unavailable (private mode, etc.) — fall back to system preference
          if (window.matchMedia('(prefers-color-scheme: dark)').matches) {
            document.documentElement.classList.add('dark');
          }
        }
      })();
    </script><meta name="astro-view-transitions-enabled" content="true"><meta name="astro-view-transitions-fallback" content="animate"><script type="module" src="/node_modules/.pnpm/astro@6.1.10_@types+node@24.12.2_jiti@1.21.0_lightningcss@1.24.0_rollup@4.60.2_terser@5.28.1_typescript@5.3.3_yaml@2.8.3/node_modules/astro/components/ClientRouter.astro?astro&type=script&index=0&lang.ts"></script><script src="/toggle-theme.js"></script><style data-vite-dev-id="/Users/ap/development/other/eliotik.github.io-T-21/src/styles/base.css">/*
! tailwindcss v3.4.1 | MIT License | https://tailwindcss.com
*//*
1. Prevent padding and border from affecting element width. (https://github.com/mozdevs/cssremedy/issues/4)
2. Allow adding a border to an element by just adding a border-width. (https://github.com/tailwindcss/tailwindcss/pull/116)
*/

*,
::before,
::after {
  box-sizing: border-box; /* 1 */
  border-width: 0; /* 2 */
