yarn install v1.22.22
[1/5] Validating package.json...
[2/5] Resolving packages...
warning Resolution field "sharp@0.32.6" is incompatible with requested version "sharp@^0.33.0"
[3/5] Fetching packages...
[4/5] Linking dependencies...
warning " > @astrojs/react@3.0.10" has unmet peer dependency "@types/react-dom@^17.0.17 || ^18.0.6".
warning "@astrojs/react > @vitejs/plugin-react@4.2.1" has unmet peer dependency "vite@^4.2.0 || ^5.0.0".
warning "flowbite-react > next-contentlayer@0.3.4" has unmet peer dependency "next@^12 || ^13".
warning "@divriots/jampack > quicklink@2.3.0" has incorrect peer dependency "react@^16.8.0".
warning "@divriots/jampack > quicklink@2.3.0" has incorrect peer dependency "react-dom@^16.8.0".
warning Workspaces can only be enabled in private projects.
warning Workspaces can only be enabled in private projects.
warning Workspaces can only be enabled in private projects.
warning Workspaces can only be enabled in private projects.
warning Workspaces can only be enabled in private projects.
[5/5] Building fresh packages...
$ husky install
install command is deprecated
Done in 6.52s.
EXIT=
yarn install --frozen-lockfile exit code: 0
