* Host localhost:4328 was resolved.
* IPv6: ::1
* IPv4: 127.0.0.1
*   Trying [::1]:4328...
* Connected to localhost (::1) port 4328
> GET / HTTP/1.1
> Host: localhost:4328
> User-Agent: curl/8.7.1
> Accept: */*
> 
* Request completely sent off
< HTTP/1.1 200 OK
< Vary: Origin
< content-type: text/html
< Date: Thu, 30 Apr 2026 11:36:47 GMT
< Connection: keep-alive
< Keep-Alive: timeout=5
< Transfer-Encoding: chunked
< 
{ [81390 bytes data]
<!DOCTYPE html><html lang="en" class="false"> <head><meta charset="UTF-8"><meta name="viewport" content="width=device-width"><link rel="icon" type="image/svg+xml" href="/favicon.svg"><link rel="canonical" href="https://www.novifyx.com/"><meta name="generator" content="Astro v6.1.10"><!-- General Meta Tags --><title>Novi Fyx</title><meta name="title" content="Novi Fyx"><meta name="description" content="New Partial Derivative!"><meta name="author" content="Alexander Pustomelnyk"><link rel="sitemap" href="/sitemap-index.xml"><!-- Open Graph / Facebook --><meta property="og:title" content="Novi Fyx"><meta property="og:description" content="New Partial Derivative!"><meta property="og:url" content="https://www.novifyx.com/"><meta property="og:image" content="http://localhost:4328/novifyx-og.jpg"><!-- Article Published/Modified time --><!-- Twitter --><meta property="twitter:card" content="summary_large_image"><meta property="twitter:url" content="https://www.novifyx.com/"><meta property="twitter:title" content="Novi Fyx"><meta property="twitter:description" content="New Partial Derivative!"><meta property="twitter:image" content="http://localhost:4328/novifyx-og.jpg"><!-- Google Font (non-blocking) --><link rel="preconnect" href="https://fonts.googleapis.com"><link rel="preconnect" href="https://fonts.gstatic.com" crossorigin><link rel="preload" as="style" href="https://fonts.googleapis.com/css2?family=IBM+Plex+Mono:ital,wght@0,400;0,500;0,600;0,700;1,400;1,600&display=swap"><link rel="stylesheet" href="https://fonts.googleapis.com/css2?family=IBM+Plex+Mono:ital,wght@0,400;0,500;0,600;0,700;1,400;1,600&display=swap" media="print" onload="this.media='all'"><noscript><link rel="stylesheet" href="https://fonts.googleapis.com/css2?family=IBM+Plex+Mono:ital,wght@0,400;0,500;0,600;0,700;1,400;1,600&display=swap"></noscript><meta name="theme-color" content=""><!-- Google tag (gtag.js) --><script>
      (function () {
        try {
          const stored = localStorage.getItem('theme');
          const prefers = window.matchMedia('(prefers-color-scheme: dark)').matches;
          const theme = stored ? stored : (prefers ? 'dark' : 'light');
          if (theme === 'dark') {
            document.documentElement.classList.add('dark');
          } else {
            document.documentElement.classList.remove('dark');
          }
        } catch {
          // localStorage unavailable (private mode, etc.) — fall back to system preference
          if (window.matchMedia('(prefers-color-scheme: dark)').matches) {
            document.documentElement.classList.add('dark');
          }
        }
      })();
    </script><meta name="astro-view-transitions-enabled" content="true"><meta name="astro-view-transitions-fallback" content="animate"><script type="module" src="/node_modules/.pnpm/astro@6.1.10_@types+node@24.12.2_jiti@2.6.1_lightningcss@1.32.0_rollup@4.60.2_terser@5.28.1_typescript@5.3.3_yaml@2.8.3/node_modules/astro/components/ClientRouter.astro?astro&type=script&index=0&lang.ts"></script><script src="/toggle-theme.js"></script><style data-vite-dev-id="/Users/ap/development/other/eliotik.github.io-T-23/src/styles/base.css">/*! tailwindcss v4.2.4 | MIT License | https://tailwindcss.com */
@layer properties;
@layer theme, base, components, utilities;
@layer theme {
  :root, :host {
    --font-sans: ui-sans-serif, system-ui, sans-serif, "Apple Color Emoji",
      "Segoe UI Emoji", "Segoe UI Symbol", "Noto Color Emoji";
    --font-mono: "IBM Plex Mono", monospace;
    --color-red-50: oklch(97.1% 0.013 17.38);
    --color-red-100: oklch(93.6% 0.032 17.717);
    --color-red-200: oklch(88.5% 0.062 18.334);
    --color-red-300: oklch(80.8% 0.114 19.571);
    --color-red-400: oklch(70.4% 0.191 22.216);
    --color-red-500: oklch(63.7% 0.237 25.331);
    --color-red-600: oklch(57.7% 0.245 27.325);
    --color-red-700: oklch(50.5% 0.213 27.518);
    --color-red-800: oklch(44.4% 0.177 26.899);
    --color-red-900: oklch(39.6% 0.141 25.723);
    --color-orange-400: oklch(75% 0.183 55.934);
    --color-yellow-50: oklch(98.7% 0.026 102.212);
    --color-yellow-100: oklch(97.3% 0.071 103.193);
    --color-yellow-200: oklch(94.5% 0.129 101.54);
    --color-yellow-300: oklch(90.5% 0.182 98.111);
    --color-yellow-400: oklch(85.2% 0.199 91.936);
    --color-yellow-500: oklch(79.5% 0.184 86.047);
    --color-yellow-600: oklch(68.1% 0.162 75.834);
    --color-yellow-700: oklch(55.4% 0.135 66.442);
    --color-yellow-800: oklch(47.6% 0.114 61.907);
    --color-yellow-900: oklch(42.1% 0.095 57.708);
    --color-lime-100: oklch(96.7% 0.067 122.328);
    --color-lime-200: oklch(93.8% 0.127 124.321);
    --color-lime-300: oklch(89.7% 0.196 126.665);
    --color-lime-400: oklch(84.1% 0.238 128.85);
    --color-lime-500: oklch(76.8% 0.233 130.85);
    --color-lime-600: oklch(64.8% 0.2 131.684);
    --color-lime-700: oklch(53.2% 0.157 131.589);
    --color-lime-800: oklch(45.3% 0.124 130.933);
    --color-lime-900: oklch(40.5% 0.101 131.063);
    --color-green-50: oklch(98.2% 0.018 155.826);
    --color-green-100: oklch(96.2% 0.044 156.743);
    --color-green-300: oklch(87.1% 0.15 154.449);
    --color-green-400: oklch(79.2% 0.209 151.711);
    --color-green-500: oklch(72.3% 0.219 149.579);
    --color-green-600: oklch(62.7% 0.194 149.214);
    --color-green-700: oklch(52.7% 0.154 150.069);
    --color-green-800: oklch(44.8% 0.119 151.328);
    --color-green-900: oklch(39.3% 0.095 152.535);
    --color-teal-100: oklch(95.3% 0.051 180.801);
    --color-teal-200: oklch(91% 0.096 180.426);
    --color-teal-300: oklch(85.5% 0.138 181.071);
    --color-teal-400: oklch(77.7% 0.152 181.912);
    --color-teal-500: oklch(70.4% 0.14 182.503);
    --color-teal-600: oklch(60% 0.118 184.704);
    --color-teal-700: oklch(51.1% 0.096 186.391);
    --color-teal-800: oklch(43.7% 0.078 188.216);
    --color-teal-900: oklch(38.6% 0.063 188.416);
    --color-cyan-50: oklch(98.4% 0.019 200.873);
    --color-cyan-100: oklch(95.6% 0.045 203.388);
    --color-cyan-200: oklch(91.7% 0.08 205.041);
    --color-cyan-300: oklch(86.5% 0.127 207.078);
    --color-cyan-400: oklch(78.9% 0.154 211.53);
    --color-cyan-500: oklch(71.5% 0.143 215.221);
    --color-cyan-600: oklch(60.9% 0.126 221.723);
    --color-cyan-700: oklch(52% 0.105 223.128);
    --color-cyan-800: oklch(45% 0.085 224.283);
    --color-cyan-900: oklch(39.8% 0.07 227.392);
    --color-blue-600: oklch(54.6% 0.245 262.881);
    --color-blue-700: oklch(48.8% 0.243 264.376);
    --color-indigo-100: oklch(93% 0.034 272.788);
    --color-indigo-300: oklch(78.5% 0.115 274.713);
    --color-indigo-400: oklch(67.3% 0.182 276.935);
    --color-indigo-500: oklch(58.5% 0.233 277.117);
    --color-indigo-600: oklch(51.1% 0.262 276.966);
    --color-indigo-700: oklch(45.7% 0.24 277.023);
    --color-indigo-800: oklch(39.8% 0.195 277.366);
    --color-indigo-900: oklch(35.9% 0.144 278.697);
    --color-purple-50: oklch(97.7% 0.014 308.299);
    --color-purple-100: oklch(94.6% 0.033 307.174);
    --color-purple-500: oklch(62.7% 0.265 303.9);
    --color-purple-600: oklch(55.8% 0.288 302.321);
    --color-purple-700: oklch(49.6% 0.265 301.924);
    --color-purple-800: oklch(43.8% 0.218 303.724);
    --color-purple-900: oklch(38.1% 0.176 304.987);
    --color-pink-100: oklch(94.8% 0.028 342.258);
    --color-pink-300: oklch(82.3% 0.12 346.018);
    --color-pink-400: oklch(71.8% 0.202 349.761);
    --color-pink-500: oklch(65.6% 0.241 354.308);
    --color-pink-600: oklch(59.2% 0.249 0.584);
    --color-pink-700: oklch(52.5% 0.223 3.958);
    --color-pink-800: oklch(45.9% 0.187 3.815);
    --color-pink-900: oklch(40.8% 0.153 2.432);
    --color-gray-50: oklch(98.5% 0.002 247.839);
    --color-gray-100: oklch(96.7% 0.003 264.542);
    --color-gray-200: oklch(92.8% 0.006 264.531);
    --color-gray-300: oklch(87.2% 0.01 258.338);
    --color-gray-400: oklch(70.7% 0.022 261.325);
    --color-gray-500: oklch(55.1% 0.027 264.364);
    --color-gray-600: oklch(44.6% 0.03 256.802);
    --color-gray-700: oklch(37.3% 0.034 259.733);
    --color-gray-800: oklch(27.8% 0.033 256.848);
    --color-gray-900: oklch(21% 0.034 264.665);
    --color-white: #fff;
    --spacing: 0.25rem;
    --container-xs: 20rem;
    --container-sm: 24rem;
    --container-md: 28rem;
    --container-lg: 32rem;
    --container-xl: 36rem;
    --container-2xl: 42rem;
    --container-3xl: 48rem;
    --container-4xl: 56rem;
    --container-5xl: 64rem;
    --container-6xl: 72rem;
    --container-7xl: 80rem;
    --text-xs: 0.75rem;
    --text-xs--line-height: calc(1 / 0.75);
    --text-sm: 0.875rem;
    --text-sm--line-height: calc(1.25 / 0.875);
    --text-base: 1rem;
    --text-base--line-height: calc(1.5 / 1);
    --text-lg: 1.125rem;
    --text-lg--line-height: calc(1.75 / 1.125);
    --text-xl: 1.25rem;
    --text-xl--line-height: calc(1.75 / 1.25);
    --text-2xl: 1.5rem;
    --text-2xl--line-height: calc(2 / 1.5);
    --text-3xl: 1.875rem;
    --text-3xl--line-height: calc(2.25 / 1.875);
    --text-9xl: 8rem;
    --text-9xl--line-height: 1;
    --font-weight-normal: 400;
    --font-weight-medium: 500;
    --font-weight-semibold: 600;
    --font-weight-bold: 700;
    --tracking-wider: 0.05em;
    --leading-tight: 1.25;
    --leading-relaxed: 1.625;
    --radius-sm: 0.25rem;
    --radius-md: 0.375rem;
    --radius-lg: 0.5rem;
    --drop-shadow-md: 0 3px 3px rgb(0 0 0 / 0.12);
    --ease-in: cubic-bezier(0.4, 0, 1, 1);
    --ease-out: cubic-bezier(0, 0, 0.2, 1);
    --ease-in-out: cubic-bezier(0.4, 0, 0.2, 1);
    --animate-spin: spin 1s linear infinite;
    --default-transition-duration: 150ms;
    --default-transition-timing-function: cubic-bezier(0.4, 0, 0.2, 1);
    --default-font-family: var(--font-sans);
    --default-mono-font-family: var(--font-mono);
    --color-skin-base: rgb(var(--color-text-base));
    --color-skin-accent: rgb(var(--color-accent));
    --color-skin-inverted: rgb(var(--color-fill));
    --color-skin-fill: rgb(var(--color-fill));
    --color-skin-card: rgb(var(--color-card));
    --color-skin-card-muted: rgb(var(--color-card-muted));
    --color-skin-line: rgb(var(--color-border));
  }
}
@layer base {
  *, ::after, ::before, ::backdrop, ::file-selector-button {
    box-sizing: border-box;
    margin: 0;
    padding: 0;
    border: 0 solid;
  }
  html, :host {
    line-height: 1.5;
    -webkit-text-size-adjust: 100%;
    tab-size: 4;
    font-family: var(--default-font-family, ui-sans-serif, system-ui, sans-serif, "Apple Color Emoji", "Segoe UI Emoji", "Segoe UI Symbol", "Noto Color Emoji");
    font-feature-settings: var(--default-font-feature-settings, normal);
    font-variation-settings: var(--default-font-variation-settings, normal);
    -webkit-tap-highlight-color: transparent;
  }
  hr {
    height: 0;
    color: inherit;
    border-top-width: 1px;
  }
  abbr:where([title]) {
    -webkit-text-decoration: underline dotted;
    text-decoration: underline dotted;
  }
  h1, h2, h3, h4, h5, h6 {
    font-size: inherit;
    font-weight: inherit;
  }
  a {
    color: inherit;
    -webkit-text-decoration: inherit;
    text-decoration: inherit;
  }
  b, strong {
    font-weight: bolder;
  }
  code, kbd, samp, pre {
    font-family: var(--default-mono-font-family, ui-monospace, SFMono-Regular, Menlo, Monaco, Consolas, "Liberation Mono", "Courier New", monospace);
    font-feature-settings: var(--default-mono-font-feature-settings, normal);
    font-variation-settings: var(--default-mono-font-variation-settings, normal);
    font-size: 1em;
  }
  small {
    font-size: 80%;
  }
  sub, sup {
    font-size: 75%;
    line-height: 0;
    position: relative;
    vertical-align: baseline;
  }
  sub {
    bottom: -0.25em;
  }
  sup {
    top: -0.5em;
  }
  table {
    text-indent: 0;
    border-color: inherit;
    border-collapse: collapse;
  }
  :-moz-focusring {
    outline: auto;
  }
  progress {
    vertical-align: baseline;
  }
  summary {
    display: list-item;
  }
  ol, ul, menu {
    list-style: none;
  }
  img, svg, video, canvas, audio, iframe, embed, object {
    display: block;
    vertical-align: middle;
  }
  img, video {
    max-width: 100%;
    height: auto;
  }
  button, input, select, optgroup, textarea, ::file-selector-button {
    font: inherit;
    font-feature-settings: inherit;
    font-variation-settings: inherit;
    letter-spacing: inherit;
    color: inherit;
    border-radius: 0;
    background-color: transparent;
    opacity: 1;
  }
  :where(select:is([multiple], [size])) optgroup {
    font-weight: bolder;
  }
  :where(select:is([multiple], [size])) optgroup option {
    padding-inline-start: 20px;
  }
  ::file-selector-button {
    margin-inline-end: 4px;
  }
  ::placeholder {
    opacity: 1;
  }
  @supports (not (-webkit-appearance: -apple-pay-button))  or (contain-intrinsic-size: 1px) {
    ::placeholder {
      color: currentcolor;
      @supports (color: color-mix(in lab, red, red)) {
        color: color-mix(in oklab, currentcolor 50%, transparent);
      }
    }
  }
  textarea {
    resize: vertical;
  }
  ::-webkit-search-decoration {
    -webkit-appearance: none;
  }
  ::-webkit-date-and-time-value {
    min-height: 1lh;
    text-align: inherit;
  }
  ::-webkit-datetime-edit {
    display: inline-flex;
  }
  ::-webkit-datetime-edit-fields-wrapper {
    padding: 0;
  }
  ::-webkit-datetime-edit, ::-webkit-datetime-edit-year-field, ::-webkit-datetime-edit-month-field, ::-webkit-datetime-edit-day-field, ::-webkit-datetime-edit-hour-field, ::-webkit-datetime-edit-minute-field, ::-webkit-datetime-edit-second-field, ::-webkit-datetime-edit-millisecond-field, ::-webkit-datetime-edit-meridiem-field {
    padding-block: 0;
  }
  ::-webkit-calendar-picker-indicator {
    line-height: 1;
  }
  :-moz-ui-invalid {
    box-shadow: none;
  }
  button, input:where([type="button"], [type="reset"], [type="submit"]), ::file-selector-button {
    appearance: button;
  }
  ::-webkit-inner-spin-button, ::-webkit-outer-spin-button {
    height: auto;
  }
  [hidden]:where(:not([hidden="until-found"])) {
    display: none !important;
  }
}
@layer utilities {
  .pointer-events-none {
    pointer-events: none;
  }
  .collapse {
    visibility: collapse;
  }
  .invisible {
    visibility: hidden;
  }
  .visible {
    visibility: visible;
  }
  .sr-only {
    position: absolute;
    width: 1px;
    height: 1px;
    padding: 0;
    margin: -1px;
    overflow: hidden;
    clip-path: inset(50%);
    white-space: nowrap;
    border-width: 0;
  }
  .absolute {
    position: absolute;
  }
  .fixed {
    position: fixed;
  }
  .relative {
    position: relative;
  }
  .static {
    position: static;
  }
  .inset-y-0 {
    inset-block: calc(var(--spacing) * 0);
  }
  .start {
    inset-inline-start: var(--spacing);
  }
  .end {
    inset-inline-end: var(--spacing);
  }
  .-top-1 {
    top: calc(var(--spacing) * -1);
  }
  .-top-3 {
    top: calc(var(--spacing) * -3);
  }
  .-top-full {
    top: -100%;
  }
  .top-0 {
    top: calc(var(--spacing) * 0);
  }
  .top-1 {
    top: calc(var(--spacing) * 1);
  }
  .top-1\/2 {
    top: calc(1 / 2 * 100%);
  }
  .top-2 {
    top: calc(var(--spacing) * 2);
  }
  .top-3 {
    top: calc(var(--spacing) * 3);
  }
  .top-4 {
    top: calc(var(--spacing) * 4);
  }
  .top-10 {
    top: calc(var(--spacing) * 10);
  }
  .-right-1 {
    right: calc(var(--spacing) * -1);
  }
  .right-0 {
    right: calc(var(--spacing) * 0);
  }
  .right-1 {
    right: calc(var(--spacing) * 1);
  }
  .right-1\.5 {
    right: calc(var(--spacing) * 1.5);
  }
  .right-3 {
    right: calc(var(--spacing) * 3);
  }
  .-bottom-1 {
    bottom: calc(var(--spacing) * -1);
  }
  .bottom-5 {
    bottom: calc(var(--spacing) * 5);
  }
  .-left-1 {
    left: calc(var(--spacing) * -1);
  }
  .-left-3 {
    left: calc(var(--spacing) * -3);
  }
  .left-0 {
    left: calc(var(--spacing) * 0);
  }
  .left-1 {
    left: calc(var(--spacing) * 1);
  }
  .left-2 {
    left: calc(var(--spacing) * 2);
  }
  .left-3 {
    left: calc(var(--spacing) * 3);
  }
  .left-4 {
    left: calc(var(--spacing) * 4);
  }
  .left-5 {
    left: calc(var(--spacing) * 5);
  }
  .left-6 {
    left: calc(var(--spacing) * 6);
  }
  .left-16 {
    left: calc(var(--spacing) * 16);
  }
  .-z-10 {
    z-index: calc(10 * -1);
  }
  .z-0 {
    z-index: 0;
  }
  .z-10 {
    z-index: 10;
  }
  .z-20 {
    z-index: 20;
  }
  .z-40 {
    z-index: 40;
  }
  .z-50 {
    z-index: 50;
  }
  .z-auto {
    z-index: auto;
  }
  .col-span-2 {
    grid-column: span 2 / span 2;
  }
  .container {
    width: 100%;
    @media (width >= 640px) {
      max-width: 640px;
    }
  }
  .-mx-1 {
    margin-inline: calc(var(--spacing) * -1);
  }
  .mx-1 {
    margin-inline: calc(var(--spacing) * 1);
  }
  .mx-4 {
    margin-inline: calc(var(--spacing) * 4);
  }
  .mx-auto {
    margin-inline: auto;
  }
  .\!my-0 {
    margin-block: calc(var(--spacing) * 0) !important;
  }
  .-my-1 {
    margin-block: calc(var(--spacing) * -1);
  }
  .my-1 {
    margin-block: calc(var(--spacing) * 1);
  }
  .my-2 {
    margin-block: calc(var(--spacing) * 2);
  }
  .my-3 {
    margin-block: calc(var(--spacing) * 3);
  }
  .my-4 {
    margin-block: calc(var(--spacing) * 4);
  }
  .my-6 {
    margin-block: calc(var(--spacing) * 6);
  }
  .my-8 {
    margin-block: calc(var(--spacing) * 8);
  }
  .me-4 {
    margin-inline-end: calc(var(--spacing) * 4);
  }
  .prose {
    color: var(--tw-prose-body);
    max-width: 65ch;
    :where(p):not(:where([class~="not-prose"],[class~="not-prose"] *)) {
      margin-top: 1.25em;
      margin-bottom: 1.25em;
    }
    :where([class~="lead"]):not(:where([class~="not-prose"],[class~="not-prose"] *)) {
      color: var(--tw-prose-lead);
      font-size: 1.25em;
      line-height: 1.6;
      margin-top: 1.2em;
      margin-bottom: 1.2em;
    }
    :where(a):not(:where([class~="not-prose"],[class~="not-prose"] *)) {
      color: var(--tw-prose-links);
      text-decoration: underline;
      font-weight: 500;
    }
    :where(strong):not(:where([class~="not-prose"],[class~="not-prose"] *)) {
      color: var(--tw-prose-bold);
      font-weight: 600;
    }
    :where(a strong):not(:where([class~="not-prose"],[class~="not-prose"] *)) {
      color: inherit;
    }
    :where(blockquote strong):not(:where([class~="not-prose"],[class~="not-prose"] *)) {
      color: inherit;
    }
    :where(thead th strong):not(:where([class~="not-prose"],[class~="not-prose"] *)) {
      color: inherit;
    }
    :where(ol):not(:where([class~="not-prose"],[class~="not-prose"] *)) {
      list-style-type: decimal;
      margin-top: 1.25em;
      margin-bottom: 1.25em;
      padding-inline-start: 1.625em;
    }
    :where(ol[type="A"]):not(:where([class~="not-prose"],[class~="not-prose"] *)) {
      list-style-type: upper-alpha;
    }
    :where(ol[type="a"]):not(:where([class~="not-prose"],[class~="not-prose"] *)) {
      list-style-type: lower-alpha;
    }
    :where(ol[type="A" s]):not(:where([class~="not-prose"],[class~="not-prose"] *)) {
      list-style-type: upper-alpha;
    }
    :where(ol[type="a" s]):not(:where([class~="not-prose"],[class~="not-prose"] *)) {
      list-style-type: lower-alpha;
    }
    :where(ol[type="I"]):not(:where([class~="not-prose"],[class~="not-prose"] *)) {
      list-style-type: upper-roman;
    }
    :where(ol[type="i"]):not(:where([class~="not-prose"],[class~="not-prose"] *)) {
      list-style-type: lower-roman;
    }
    :where(ol[type="I" s]):not(:where([class~="not-prose"],[class~="not-prose"] *)) {
      list-style-type: upper-roman;
    }
    :where(ol[type="i" s]):not(:where([class~="not-prose"],[class~="not-prose"] *)) {
      list-style-type: lower-roman;
    }
    :where(ol[type="1"]):not(:where([class~="not-prose"],[class~="not-prose"] *)) {
      list-style-type: decimal;
    }
    :where(ul):not(:where([class~="not-prose"],[class~="not-prose"] *)) {
      list-style-type: disc;
      margin-top: 1.25em;
      margin-bottom: 1.25em;
      padding-inline-start: 1.625em;
    }
    :where(ol > li):not(:where([class~="not-prose"],[class~="not-prose"] *))::marker {
      font-weight: 400;
      color: var(--tw-prose-counters);
    }
    :where(ul > li):not(:where([class~="not-prose"],[class~="not-prose"] *))::marker {
      color: var(--tw-prose-bullets);
    }
    :where(dt):not(:where([class~="not-prose"],[class~="not-prose"] *)) {
      color: var(--tw-prose-headings);
      font-weight: 600;
      margin-top: 1.25em;
    }
    :where(hr):not(:where([class~="not-prose"],[class~="not-prose"] *)) {
      border-color: var(--tw-prose-hr);
      border-top-width: 1px;
      margin-top: 3em;
      margin-bottom: 3em;
    }
    :where(blockquote):not(:where([class~="not-prose"],[class~="not-prose"] *)) {
      font-weight: 500;
      font-style: italic;
      color: var(--tw-prose-quotes);
      border-inline-start-width: 0.25rem;
      border-inline-start-color: var(--tw-prose-quote-borders);
      quotes: "\201C""\201D""\2018""\2019";
      margin-top: 1.6em;
      margin-bottom: 1.6em;
      padding-inline-start: 1em;
    }
    :where(blockquote p:first-of-type):not(:where([class~="not-prose"],[class~="not-prose"] *))::before {
      content: open-quote;
    }
    :where(blockquote p:last-of-type):not(:where([class~="not-prose"],[class~="not-prose"] *))::after {
      content: close-quote;
    }
    :where(h1):not(:where([class~="not-prose"],[class~="not-prose"] *)) {
      color: var(--tw-prose-headings);
      font-weight: 800;
      font-size: 2.25em;
      margin-top: 0;
      margin-bottom: 0.8888889em;
      line-height: 1.1111111;
    }
    :where(h1 strong):not(:where([class~="not-prose"],[class~="not-prose"] *)) {
      font-weight: 900;
      color: inherit;
    }
    :where(h2):not(:where([class~="not-prose"],[class~="not-prose"] *)) {
      color: var(--tw-prose-headings);
      font-weight: 700;
      font-size: 1.5em;
      margin-top: 2em;
      margin-bottom: 1em;
      line-height: 1.3333333;
    }
    :where(h2 strong):not(:where([class~="not-prose"],[class~="not-prose"] *)) {
      font-weight: 800;
      color: inherit;
    }
    :where(h3):not(:where([class~="not-prose"],[class~="not-prose"] *)) {
      color: var(--tw-prose-headings);
      font-weight: 600;
      font-size: 1.25em;
      margin-top: 1.6em;
      margin-bottom: 0.6em;
      line-height: 1.6;
    }
    :where(h3 strong):not(:where([class~="not-prose"],[class~="not-prose"] *)) {
      font-weight: 700;
      color: inherit;
    }
    :where(h4):not(:where([class~="not-prose"],[class~="not-prose"] *)) {
      color: var(--tw-prose-headings);
      font-weight: 600;
      margin-top: 1.5em;
      margin-bottom: 0.5em;
      line-height: 1.5;
    }
    :where(h4 strong):not(:where([class~="not-prose"],[class~="not-prose"] *)) {
      font-weight: 700;
      color: inherit;
    }
    :where(img):not(:where([class~="not-prose"],[class~="not-prose"] *)) {
      margin-top: 2em;
      margin-bottom: 2em;
    }
    :where(picture):not(:where([class~="not-prose"],[class~="not-prose"] *)) {
      display: block;
      margin-top: 2em;
      margin-bottom: 2em;
    }
    :where(video):not(:where([class~="not-prose"],[class~="not-prose"] *)) {
      margin-top: 2em;
      margin-bottom: 2em;
    }
    :where(kbd):not(:where([class~="not-prose"],[class~="not-prose"] *)) {
      font-weight: 500;
      font-family: inherit;
      color: var(--tw-prose-kbd);
      box-shadow: 0 0 0 1px var(--tw-prose-kbd-shadows), 0 3px 0 var(--tw-prose-kbd-shadows);
      font-size: 0.875em;
      border-radius: 0.3125rem;
      padding-top: 0.1875em;
      padding-inline-end: 0.375em;
      padding-bottom: 0.1875em;
      padding-inline-start: 0.375em;
    }
    :where(code):not(:where([class~="not-prose"],[class~="not-prose"] *)) {
      color: var(--tw-prose-code);
      font-weight: 600;
      font-size: 0.875em;
    }
    :where(code):not(:where([class~="not-prose"],[class~="not-prose"] *))::before {
      content: "`";
    }
    :where(code):not(:where([class~="not-prose"],[class~="not-prose"] *))::after {
      content: "`";
    }
    :where(a code):not(:where([class~="not-prose"],[class~="not-prose"] *)) {
      color: inherit;
    }
    :where(h1 code):not(:where([class~="not-prose"],[class~="not-prose"] *)) {
      color: inherit;
    }
    :where(h2 code):not(:where([class~="not-prose"],[class~="not-prose"] *)) {
      color: inherit;
      font-size: 0.875em;
    }
    :where(h3 code):not(:where([class~="not-prose"],[class~="not-prose"] *)) {
      color: inherit;
      font-size: 0.9em;
    }
    :where(h4 code):not(:where([class~="not-prose"],[class~="not-prose"] *)) {
      color: inherit;
    }
    :where(blockquote code):not(:where([class~="not-prose"],[class~="not-prose"] *)) {
      color: inherit;
    }
    :where(thead th code):not(:where([class~="not-prose"],[class~="not-prose"] *)) {
      color: inherit;
    }
    :where(pre):not(:where([class~="not-prose"],[class~="not-prose"] *)) {
      color: var(--tw-prose-pre-code);
      background-color: var(--tw-prose-pre-bg);
      overflow-x: auto;
      font-weight: 400;
      font-size: 0.875em;
      line-height: 1.7142857;
      margin-top: 1.7142857em;
      margin-bottom: 1.7142857em;
      border-radius: 0.375rem;
      padding-top: 0.8571429em;
      padding-inline-end: 1.1428571em;
      padding-bottom: 0.8571429em;
      padding-inline-start: 1.1428571em;
    }
    :where(pre code):not(:where([class~="not-prose"],[class~="not-prose"] *)) {
      background-color: transparent;
      border-width: 0;
      border-radius: 0;
      padding: 0;
      font-weight: inherit;
      color: inherit;
      font-size: inherit;
      font-family: inherit;
      line-height: inherit;
    }
    :where(pre code):not(:where([class~="not-prose"],[class~="not-prose"] *))::before {
      content: none;
    }
    :where(pre code):not(:where([class~="not-prose"],[class~="not-prose"] *))::after {
      content: none;
    }
    :where(table):not(:where([class~="not-prose"],[class~="not-prose"] *)) {
      width: 100%;
      table-layout: auto;
      margin-top: 2em;
      margin-bottom: 2em;
      font-size: 0.875em;
      line-height: 1.7142857;
    }
    :where(thead):not(:where([class~="not-prose"],[class~="not-prose"] *)) {
      border-bottom-width: 1px;
      border-bottom-color: var(--tw-prose-th-borders);
    }
    :where(thead th):not(:where([class~="not-prose"],[class~="not-prose"] *)) {
      color: var(--tw-prose-headings);
      font-weight: 600;
      vertical-align: bottom;
      padding-inline-end: 0.5714286em;
      padding-bottom: 0.5714286em;
      padding-inline-start: 0.5714286em;
    }
    :where(tbody tr):not(:where([class~="not-prose"],[class~="not-prose"] *)) {
      border-bottom-width: 1px;
      border-bottom-color: var(--tw-prose-td-borders);
    }
    :where(tbody tr:last-child):not(:where([class~="not-prose"],[class~="not-prose"] *)) {
      border-bottom-width: 0;
    }
    :where(tbody td):not(:where([class~="not-prose"],[class~="not-prose"] *)) {
      vertical-align: baseline;
    }
    :where(tfoot):not(:where([class~="not-prose"],[class~="not-prose"] *)) {
      border-top-width: 1px;
      border-top-color: var(--tw-prose-th-borders);
    }
    :where(tfoot td):not(:where([class~="not-prose"],[class~="not-prose"] *)) {
      vertical-align: top;
    }
    :where(th, td):not(:where([class~="not-prose"],[class~="not-prose"] *)) {
      text-align: start;
    }
    :where(figure > *):not(:where([class~="not-prose"],[class~="not-prose"] *)) {
      margin-top: 0;
      margin-bottom: 0;
    }
    :where(figcaption):not(:where([class~="not-prose"],[class~="not-prose"] *)) {
      color: var(--tw-prose-captions);
      font-size: 0.875em;
      line-height: 1.4285714;
      margin-top: 0.8571429em;
    }
    --tw-prose-body: oklch(37.3% 0.034 259.733);
    --tw-prose-headings: oklch(21% 0.034 264.665);
    --tw-prose-lead: oklch(44.6% 0.03 256.802);
    --tw-prose-links: oklch(21% 0.034 264.665);
    --tw-prose-bold: oklch(21% 0.034 264.665);
    --tw-prose-counters: oklch(55.1% 0.027 264.364);
    --tw-prose-bullets: oklch(87.2% 0.01 258.338);
    --tw-prose-hr: oklch(92.8% 0.006 264.531);
    --tw-prose-quotes: oklch(21% 0.034 264.665);
    --tw-prose-quote-borders: oklch(92.8% 0.006 264.531);
    --tw-prose-captions: oklch(55.1% 0.027 264.364);
    --tw-prose-kbd: oklch(21% 0.034 264.665);
    --tw-prose-kbd-shadows: color-mix(in oklab, oklch(21% 0.034 264.665) 10%, transparent);
    --tw-prose-code: oklch(21% 0.034 264.665);
    --tw-prose-pre-code: oklch(92.8% 0.006 264.531);
    --tw-prose-pre-bg: oklch(27.8% 0.033 256.848);
    --tw-prose-th-borders: oklch(87.2% 0.01 258.338);
    --tw-prose-td-borders: oklch(92.8% 0.006 264.531);
    --tw-prose-invert-body: oklch(87.2% 0.01 258.338);
    --tw-prose-invert-headings: #fff;
    --tw-prose-invert-lead: oklch(70.7% 0.022 261.325);
    --tw-prose-invert-links: #fff;
    --tw-prose-invert-bold: #fff;
    --tw-prose-invert-counters: oklch(70.7% 0.022 261.325);
    --tw-prose-invert-bullets: oklch(44.6% 0.03 256.802);
    --tw-prose-invert-hr: oklch(37.3% 0.034 259.733);
    --tw-prose-invert-quotes: oklch(96.7% 0.003 264.542);
    --tw-prose-invert-quote-borders: oklch(37.3% 0.034 259.733);
    --tw-prose-invert-captions: oklch(70.7% 0.022 261.325);
    --tw-prose-invert-kbd: #fff;
    --tw-prose-invert-kbd-shadows: rgb(255 255 255 / 10%);
    --tw-prose-invert-code: #fff;
    --tw-prose-invert-pre-code: oklch(87.2% 0.01 258.338);
    --tw-prose-invert-pre-bg: rgb(0 0 0 / 50%);
    --tw-prose-invert-th-borders: oklch(44.6% 0.03 256.802);
    --tw-prose-invert-td-borders: oklch(37.3% 0.034 259.733);
    font-size: 1rem;
    line-height: 1.75;
    :where(picture > img):not(:where([class~="not-prose"],[class~="not-prose"] *)) {
      margin-top: 0;
      margin-bottom: 0;
    }
    :where(li):not(:where([class~="not-prose"],[class~="not-prose"] *)) {
      margin-top: 0.5em;
      margin-bottom: 0.5em;
    }
    :where(ol > li):not(:where([class~="not-prose"],[class~="not-prose"] *)) {
      padding-inline-start: 0.375em;
    }
    :where(ul > li):not(:where([class~="not-prose"],[class~="not-prose"] *)) {
      padding-inline-start: 0.375em;
    }
    :where(.prose > ul > li p):not(:where([class~="not-prose"],[class~="not-prose"] *)) {
      margin-top: 0.75em;
      margin-bottom: 0.75em;
    }
    :where(.prose > ul > li > p:first-child):not(:where([class~="not-prose"],[class~="not-prose"] *)) {
      margin-top: 1.25em;
    }
    :where(.prose > ul > li > p:last-child):not(:where([class~="not-prose"],[class~="not-prose"] *)) {
      margin-bottom: 1.25em;
    }
    :where(.prose > ol > li > p:first-child):not(:where([class~="not-prose"],[class~="not-prose"] *)) {
      margin-top: 1.25em;
    }
    :where(.prose > ol > li > p:last-child):not(:where([class~="not-prose"],[class~="not-prose"] *)) {
      margin-bottom: 1.25em;
    }
    :where(ul ul, ul ol, ol ul, ol ol):not(:where([class~="not-prose"],[class~="not-prose"] *)) {
      margin-top: 0.75em;
      margin-bottom: 0.75em;
    }
    :where(dl):not(:where([class~="not-prose"],[class~="not-prose"] *)) {
      margin-top: 1.25em;
      margin-bottom: 1.25em;
    }
    :where(dd):not(:where([class~="not-prose"],[class~="not-prose"] *)) {
      margin-top: 0.5em;
      padding-inline-start: 1.625em;
    }
    :where(hr + *):not(:where([class~="not-prose"],[class~="not-prose"] *)) {
      margin-top: 0;
    }
    :where(h2 + *):not(:where([class~="not-prose"],[class~="not-prose"] *)) {
      margin-top: 0;
    }
    :where(h3 + *):not(:where([class~="not-prose"],[class~="not-prose"] *)) {
      margin-top: 0;
    }
    :where(h4 + *):not(:where([class~="not-prose"],[class~="not-prose"] *)) {
      margin-top: 0;
    }
    :where(thead th:first-child):not(:where([class~="not-prose"],[class~="not-prose"] *)) {
      padding-inline-start: 0;
    }
    :where(thead th:last-child):not(:where([class~="not-prose"],[class~="not-prose"] *)) {
      padding-inline-end: 0;
    }
    :where(tbody td, tfoot td):not(:where([class~="not-prose"],[class~="not-prose"] *)) {
      padding-top: 0.5714286em;
      padding-inline-end: 0.5714286em;
      padding-bottom: 0.5714286em;
      padding-inline-start: 0.5714286em;
    }
    :where(tbody td:first-child, tfoot td:first-child):not(:where([class~="not-prose"],[class~="not-prose"] *)) {
      padding-inline-start: 0;
    }
    :where(tbody td:last-child, tfoot td:last-child):not(:where([class~="not-prose"],[class~="not-prose"] *)) {
      padding-inline-end: 0;
    }
    :where(figure):not(:where([class~="not-prose"],[class~="not-prose"] *)) {
      margin-top: 2em;
      margin-bottom: 2em;
    }
    :where(.prose > :first-child):not(:where([class~="not-prose"],[class~="not-prose"] *)) {
      margin-top: 0;
    }
    :where(.prose > :last-child):not(:where([class~="not-prose"],[class~="not-prose"] *)) {
      margin-bottom: 0;
    }
  }
  .mt-1 {
    margin-top: calc(var(--spacing) * 1);
  }
  .mt-2 {
    margin-top: calc(var(--spacing) * 2);
  }
  .mt-3 {
    margin-top: calc(var(--spacing) * 3);
  }
  .mt-4 {
    margin-top: calc(var(--spacing) * 4);
  }
  .mt-6 {
    margin-top: calc(var(--spacing) * 6);
  }
  .mt-8 {
    margin-top: calc(var(--spacing) * 8);
  }
  .mt-9 {
    margin-top: calc(var(--spacing) * 9);
  }
  .mt-auto {
    margin-top: auto;
  }
  .-mr-5 {
    margin-right: calc(var(--spacing) * -5);
  }
  .mr-0 {
    margin-right: calc(var(--spacing) * 0);
  }
  .mr-0\.5 {
    margin-right: calc(var(--spacing) * 0.5);
  }
  .mr-1 {
    margin-right: calc(var(--spacing) * 1);
  }
  .mr-1\.5 {
    margin-right: calc(var(--spacing) * 1.5);
  }
  .mr-2 {
    margin-right: calc(var(--spacing) * 2);
  }
  .mr-3 {
    margin-right: calc(var(--spacing) * 3);
  }
  .mr-4 {
    margin-right: calc(var(--spacing) * 4);
  }
  .-mb-px {
    margin-bottom: -1px;
  }
  .mb-1 {
    margin-bottom: calc(var(--spacing) * 1);
  }
  .mb-2 {
    margin-bottom: calc(var(--spacing) * 2);
  }
  .mb-3 {
    margin-bottom: calc(var(--spacing) * 3);
  }
  .mb-4 {
    margin-bottom: calc(var(--spacing) * 4);
  }
  .mb-5 {
    margin-bottom: calc(var(--spacing) * 5);
  }
  .mb-6 {
    margin-bottom: calc(var(--spacing) * 6);
  }
  .mb-8 {
    margin-bottom: calc(var(--spacing) * 8);
  }
  .mb-10 {
    margin-bottom: calc(var(--spacing) * 10);
  }
  .mb-14 {
    margin-bottom: calc(var(--spacing) * 14);
  }
  .mb-28 {
    margin-bottom: calc(var(--spacing) * 28);
  }
  .ml-0 {
    margin-left: calc(var(--spacing) * 0);
  }
  .ml-1 {
    margin-left: calc(var(--spacing) * 1);
  }
  .ml-2 {
    margin-left: calc(var(--spacing) * 2);
  }
  .ml-3 {
    margin-left: calc(var(--spacing) * 3);
  }
  .ml-4 {
    margin-left: calc(var(--spacing) * 4);
  }
  .ml-6 {
    margin-left: calc(var(--spacing) * 6);
  }
  .ml-auto {
    margin-left: auto;
  }
  .block {
    display: block;
  }
  .contents {
    display: contents;
  }
  .display-none {
    display: none;
  }
  .display-none\! {
    display: none !important;
  }
  .flex {
    display: flex;
  }
  .grid {
    display: grid;
  }
  .hidden {
    display: none;
  }
  .inline {
    display: inline;
  }
  .inline-block {
    display: inline-block;
  }
  .inline-flex {
    display: inline-flex;
  }
  .table {
    display: table;
  }
  .h-0 {
    height: calc(var(--spacing) * 0);
  }
  .h-1 {
    height: calc(var(--spacing) * 1);
  }
  .h-1\.5 {
    height: calc(var(--spacing) * 1.5);
  }
  .h-2 {
    height: calc(var(--spacing) * 2);
  }
  .h-3 {
    height: calc(var(--spacing) * 3);
  }
  .h-4 {
    height: calc(var(--spacing) * 4);
  }
  .h-5 {
    height: calc(var(--spacing) * 5);
  }
  .h-6 {
    height: calc(var(--spacing) * 6);
  }
  .h-7 {
    height: calc(var(--spacing) * 7);
  }
  .h-8 {
    height: calc(var(--spacing) * 8);
  }
  .h-9 {
    height: calc(var(--spacing) * 9);
  }
  .h-10 {
    height: calc(var(--spacing) * 10);
  }
  .h-20 {
    height: calc(var(--spacing) * 20);
  }
  .h-36 {
    height: calc(var(--spacing) * 36);
  }
  .h-80 {
    height: calc(var(--spacing) * 80);
  }
  .h-96 {
    height: calc(var(--spacing) * 96);
  }
  .h-auto {
    height: auto;
  }
  .h-fit {
    height: fit-content;
  }
  .h-full {
    height: 100%;
  }
  .h-px {
    height: 1px;
  }
  .h-screen {
    height: 100vh;
  }
  .w-0 {
    width: calc(var(--spacing) * 0);
  }
  .w-1 {
    width: calc(var(--spacing) * 1);
  }
  .w-2 {
    width: calc(var(--spacing) * 2);
  }
  .w-3 {
    width: calc(var(--spacing) * 3);
  }
  .w-4 {
    width: calc(var(--spacing) * 4);
  }
  .w-5 {
    width: calc(var(--spacing) * 5);
  }
  .w-6 {
    width: calc(var(--spacing) * 6);
  }
  .w-7 {
    width: calc(var(--spacing) * 7);
  }
  .w-8 {
    width: calc(var(--spacing) * 8);
  }
  .w-9 {
    width: calc(var(--spacing) * 9);
  }
  .w-10 {
    width: calc(var(--spacing) * 10);
  }
  .w-11 {
    width: calc(var(--spacing) * 11);
  }
  .w-12 {
    width: calc(var(--spacing) * 12);
  }
  .w-14 {
    width: calc(var(--spacing) * 14);
  }
  .w-16 {
    width: calc(var(--spacing) * 16);
  }
  .w-20 {
    width: calc(var(--spacing) * 20);
  }
  .w-36 {
    width: calc(var(--spacing) * 36);
  }
  .w-44 {
    width: calc(var(--spacing) * 44);
  }
  .w-64 {
    width: calc(var(--spacing) * 64);
  }
  .w-auto {
    width: auto;
  }
  .w-fit {
    width: fit-content;
  }
  .w-full {
    width: 100%;
  }
  .max-w-2xl {
    max-width: var(--container-2xl);
  }
  .max-w-3xl {
    max-width: var(--container-3xl);
  }
  .max-w-4xl {
    max-width: var(--container-4xl);
  }
  .max-w-5xl {
    max-width: var(--container-5xl);
  }
  .max-w-6xl {
    max-width: var(--container-6xl);
  }
  .max-w-7xl {
    max-width: var(--container-7xl);
  }
  .max-w-lg {
    max-width: var(--container-lg);
  }
  .max-w-md {
    max-width: var(--container-md);
  }
  .max-w-sm {
    max-width: var(--container-sm);
  }
  .max-w-xl {
    max-width: var(--container-xl);
  }
  .max-w-xs {
    max-width: var(--container-xs);
  }
  .min-w-0 {
    min-width: calc(var(--spacing) * 0);
  }
  .min-w-\[1\.375rem\] {
    min-width: 1.375rem;
  }
  .flex-1 {
    flex: 1;
  }
  .flex-none {
    flex: none;
  }
  .flex-shrink {
    flex-shrink: 1;
  }
  .flex-shrink-0 {
    flex-shrink: 0;
  }
  .shrink-0 {
    flex-shrink: 0;
  }
  .flex-grow {
    flex-grow: 1;
  }
  .grow {
    flex-grow: 1;
  }
  .border-collapse {
    border-collapse: collapse;
  }
  .-translate-x-1 {
    --tw-translate-x: calc(var(--spacing) * -1);
    translate: var(--tw-translate-x) var(--tw-translate-y);
  }
  .-translate-y-1 {
    --tw-translate-y: calc(var(--spacing) * -1);
    translate: var(--tw-translate-x) var(--tw-translate-y);
  }
  .-translate-y-1\/2 {
    --tw-translate-y: calc(calc(1 / 2 * 100%) * -1);
    translate: var(--tw-translate-x) var(--tw-translate-y);
  }
  .-translate-y-4 {
    --tw-translate-y: calc(var(--spacing) * -4);
    translate: var(--tw-translate-x) var(--tw-translate-y);
  }
  .-translate-y-6 {
    --tw-translate-y: calc(var(--spacing) * -6);
    translate: var(--tw-translate-x) var(--tw-translate-y);
  }
  .scale-75 {
    --tw-scale-x: 75%;
    --tw-scale-y: 75%;
    --tw-scale-z: 75%;
    scale: var(--tw-scale-x) var(--tw-scale-y);
  }
  .scale-90 {
    --tw-scale-x: 90%;
    --tw-scale-y: 90%;
    --tw-scale-z: 90%;
    scale: var(--tw-scale-x) var(--tw-scale-y);
  }
  .scale-95 {
    --tw-scale-x: 95%;
    --tw-scale-y: 95%;
    --tw-scale-z: 95%;
    scale: var(--tw-scale-x) var(--tw-scale-y);
  }
  .scale-100 {
    --tw-scale-x: 100%;
    --tw-scale-y: 100%;
    --tw-scale-z: 100%;
    scale: var(--tw-scale-x) var(--tw-scale-y);
  }
  .scale-110 {
    --tw-scale-x: 110%;
    --tw-scale-y: 110%;
    --tw-scale-z: 110%;
    scale: var(--tw-scale-x) var(--tw-scale-y);
  }
  .scale-125 {
    --tw-scale-x: 125%;
    --tw-scale-y: 125%;
    --tw-scale-z: 125%;
    scale: var(--tw-scale-x) var(--tw-scale-y);
  }
  .rotate-45 {
    rotate: 45deg;
  }
  .rotate-90 {
    rotate: 90deg;
  }
  .rotate-180 {
    rotate: 180deg;
  }
  .transform {
    transform: var(--tw-rotate-x,) var(--tw-rotate-y,) var(--tw-rotate-z,) var(--tw-skew-x,) var(--tw-skew-y,);
  }
  .animate-spin {
    animation: var(--animate-spin);
  }
  .cursor-default {
    cursor: default;
  }
  .cursor-grab {
    cursor: grab;
  }
  .cursor-not-allowed {
    cursor: not-allowed;
  }
  .cursor-pointer {
    cursor: pointer;
  }
  .cursor-wait {
    cursor: wait;
  }
  .resize {
    resize: both;
  }
  .snap-x {
    scroll-snap-type: x var(--tw-scroll-snap-strictness);
  }
  .snap-mandatory {
    --tw-scroll-snap-strictness: mandatory;
  }
  .snap-center {
    scroll-snap-align: center;
  }
  .snap-always {
    scroll-snap-stop: always;
  }
  .list-inside {
    list-style-position: inside;
  }
  .list-decimal {
    list-style-type: decimal;
  }
  .list-disc {
    list-style-type: disc;
  }
  .list-none {
    list-style-type: none;
  }
  .appearance-none {
    appearance: none;
  }
  .grid-flow-col {
    grid-auto-flow: column;
  }
  .grid-cols-1 {
    grid-template-columns: repeat(1, minmax(0, 1fr));
  }
  .grid-cols-2 {
    grid-template-columns: repeat(2, minmax(0, 1fr));
  }
  .grid-cols-4 {
    grid-template-columns: repeat(4, minmax(0, 1fr));
  }
  .grid-cols-7 {
    grid-template-columns: repeat(7, minmax(0, 1fr));
  }
  .grid-cols-\[40px_1fr_auto\] {
    grid-template-columns: 40px 1fr auto;
  }
  .grid-cols-\[minmax\(0\,1fr\)_56px_28px\] {
    grid-template-columns: minmax(0,1fr) 56px 28px;
  }
  .grid-rows-4 {
    grid-template-rows: repeat(4, minmax(0, 1fr));
  }
  .flex-col {
    flex-direction: column;
  }
  .flex-col-reverse {
    flex-direction: column-reverse;
  }
  .flex-wrap {
    flex-wrap: wrap;
  }
  .items-baseline {
    align-items: baseline;
  }
  .items-center {
    align-items: center;
  }
  .items-end {
    align-items: flex-end;
  }
  .items-start {
    align-items: flex-start;
  }
  .items-stretch {
    align-items: stretch;
  }
  .justify-between {
    justify-content: space-between;
  }
  .justify-center {
    justify-content: center;
  }
  .justify-end {
    justify-content: flex-end;
  }
  .justify-start {
    justify-content: flex-start;
  }
  .gap-1 {
    gap: calc(var(--spacing) * 1);
  }
  .gap-1\.5 {
    gap: calc(var(--spacing) * 1.5);
  }
  .gap-2 {
    gap: calc(var(--spacing) * 2);
  }
  .gap-3 {
    gap: calc(var(--spacing) * 3);
  }
  .gap-4 {
    gap: calc(var(--spacing) * 4);
  }
  .gap-6 {
    gap: calc(var(--spacing) * 6);
  }
  .space-y-0 {
    :where(& > :not(:last-child)) {
      --tw-space-y-reverse: 0;
      margin-block-start: calc(calc(var(--spacing) * 0) * var(--tw-space-y-reverse));
      margin-block-end: calc(calc(var(--spacing) * 0) * calc(1 - var(--tw-space-y-reverse)));
    }
  }
  .space-y-1 {
    :where(& > :not(:last-child)) {
      --tw-space-y-reverse: 0;
      margin-block-start: calc(calc(var(--spacing) * 1) * var(--tw-space-y-reverse));
      margin-block-end: calc(calc(var(--spacing) * 1) * calc(1 - var(--tw-space-y-reverse)));
    }
  }
  .space-y-2 {
    :where(& > :not(:last-child)) {
      --tw-space-y-reverse: 0;
      margin-block-start: calc(calc(var(--spacing) * 2) * var(--tw-space-y-reverse));
      margin-block-end: calc(calc(var(--spacing) * 2) * calc(1 - var(--tw-space-y-reverse)));
    }
  }
  .space-y-4 {
    :where(& > :not(:last-child)) {
      --tw-space-y-reverse: 0;
      margin-block-start: calc(calc(var(--spacing) * 4) * var(--tw-space-y-reverse));
      margin-block-end: calc(calc(var(--spacing) * 4) * calc(1 - var(--tw-space-y-reverse)));
    }
  }
  .gap-x-2 {
    column-gap: calc(var(--spacing) * 2);
  }
  .gap-x-4 {
    column-gap: calc(var(--spacing) * 4);
  }
  .-space-x-4 {
    :where(& > :not(:last-child)) {
      --tw-space-x-reverse: 0;
      margin-inline-start: calc(calc(var(--spacing) * -4) * var(--tw-space-x-reverse));
      margin-inline-end: calc(calc(var(--spacing) * -4) * calc(1 - var(--tw-space-x-reverse)));
    }
  }
  .-space-x-px {
    :where(& > :not(:last-child)) {
      --tw-space-x-reverse: 0;
      margin-inline-start: calc(-1px * var(--tw-space-x-reverse));
      margin-inline-end: calc(-1px * calc(1 - var(--tw-space-x-reverse)));
    }
  }
  .space-x-2 {
    :where(& > :not(:last-child)) {
      --tw-space-x-reverse: 0;
      margin-inline-start: calc(calc(var(--spacing) * 2) * var(--tw-space-x-reverse));
      margin-inline-end: calc(calc(var(--spacing) * 2) * calc(1 - var(--tw-space-x-reverse)));
    }
  }
  .space-x-3 {
    :where(& > :not(:last-child)) {
      --tw-space-x-reverse: 0;
      margin-inline-start: calc(calc(var(--spacing) * 3) * var(--tw-space-x-reverse));
      margin-inline-end: calc(calc(var(--spacing) * 3) * calc(1 - var(--tw-space-x-reverse)));
    }
  }
  .space-x-4 {
    :where(& > :not(:last-child)) {
      --tw-space-x-reverse: 0;
      margin-inline-start: calc(calc(var(--spacing) * 4) * var(--tw-space-x-reverse));
      margin-inline-end: calc(calc(var(--spacing) * 4) * calc(1 - var(--tw-space-x-reverse)));
    }
  }
  .gap-y-0 {
    row-gap: calc(var(--spacing) * 0);
  }
  .gap-y-0\.5 {
    row-gap: calc(var(--spacing) * 0.5);
  }
  .gap-y-2 {
    row-gap: calc(var(--spacing) * 2);
  }
  .gap-y-3 {
    row-gap: calc(var(--spacing) * 3);
  }
  .divide-x {
    :where(& > :not(:last-child)) {
      --tw-divide-x-reverse: 0;
      border-inline-style: var(--tw-border-style);
      border-inline-start-width: calc(1px * var(--tw-divide-x-reverse));
      border-inline-end-width: calc(1px * calc(1 - var(--tw-divide-x-reverse)));
    }
  }
  .divide-y {
    :where(& > :not(:last-child)) {
      --tw-divide-y-reverse: 0;
      border-bottom-style: var(--tw-border-style);
      border-top-style: var(--tw-border-style);
      border-top-width: calc(1px * var(--tw-divide-y-reverse));
      border-bottom-width: calc(1px * calc(1 - var(--tw-divide-y-reverse)));
    }
  }
  .divide-dashed {
    :where(& > :not(:last-child)) {
      --tw-border-style: dashed;
      border-style: dashed;
    }
  }
  .divide-gray-100 {
    :where(& > :not(:last-child)) {
      border-color: var(--color-gray-100);
    }
  }
  .divide-gray-200 {
    :where(& > :not(:last-child)) {
      border-color: var(--color-gray-200);
    }
  }
  .divide-skin-line {
    :where(& > :not(:last-child)) {
      border-color: var(--color-skin-line);
    }
  }
  .divide-skin-line\/40 {
    :where(& > :not(:last-child)) {
      border-color: color-mix(in srgb, rgb(var(--color-border)) 40%, transparent);
      @supports (color: color-mix(in lab, red, red)) {
        border-color: color-mix(in oklab, var(--color-skin-line) 40%, transparent);
      }
    }
  }
  .divide-skin-line\/60 {
    :where(& > :not(:last-child)) {
      border-color: color-mix(in srgb, rgb(var(--color-border)) 60%, transparent);
      @supports (color: color-mix(in lab, red, red)) {
        border-color: color-mix(in oklab, var(--color-skin-line) 60%, transparent);
      }
    }
  }
  .self-center {
    align-self: center;
  }
  .self-end {
    align-self: flex-end;
  }
  .self-stretch {
    align-self: stretch;
  }
  .truncate {
    overflow: hidden;
    text-overflow: ellipsis;
    white-space: nowrap;
  }
  .overflow-auto {
    overflow: auto;
  }
  .overflow-hidden {
    overflow: hidden;
  }
  .overflow-x-auto {
    overflow-x: auto;
  }
  .overflow-x-hidden {
    overflow-x: hidden;
  }
  .overflow-x-scroll {
    overflow-x: scroll;
  }
  .overflow-y-auto {
    overflow-y: auto;
  }
  .overflow-y-hidden {
    overflow-y: hidden;
  }
  .scroll-smooth {
    scroll-behavior: smooth;
  }
  .rounded {
    border-radius: 0.25rem;
  }
  .rounded-full {
    border-radius: calc(infinity * 1px);
  }
  .rounded-lg {
    border-radius: var(--radius-lg);
  }
  .rounded-md {
    border-radius: var(--radius-md);
  }
  .rounded-none {
    border-radius: 0;
  }
  .rounded-sm {
    border-radius: var(--radius-sm);
  }
  .rounded-s-lg {
    border-start-start-radius: var(--radius-lg);
    border-end-start-radius: var(--radius-lg);
  }
  .rounded-e-lg {
    border-start-end-radius: var(--radius-lg);
    border-end-end-radius: var(--radius-lg);
  }
  .rounded-t {
    border-top-left-radius: 0.25rem;
    border-top-right-radius: 0.25rem;
  }
  .rounded-t-lg {
    border-top-left-radius: var(--radius-lg);
    border-top-right-radius: var(--radius-lg);
  }
  .rounded-l-lg {
    border-top-left-radius: var(--radius-lg);
    border-bottom-left-radius: var(--radius-lg);
  }
  .rounded-l-md {
    border-top-left-radius: var(--radius-md);
    border-bottom-left-radius: var(--radius-md);
  }
  .rounded-l-none {
    border-top-left-radius: 0;
    border-bottom-left-radius: 0;
  }
  .rounded-r-lg {
    border-top-right-radius: var(--radius-lg);
    border-bottom-right-radius: var(--radius-lg);
  }
  .rounded-r-none {
    border-top-right-radius: 0;
    border-bottom-right-radius: 0;
  }
  .rounded-b {
    border-bottom-right-radius: 0.25rem;
    border-bottom-left-radius: 0.25rem;
  }
  .border {
    border-style: var(--tw-border-style);
    border-width: 1px;
  }
  .border-0 {
    border-style: var(--tw-border-style);
    border-width: 0px;
  }
  .border-2 {
    border-style: var(--tw-border-style);
    border-width: 2px;
  }
  .border-y {
    border-block-style: var(--tw-border-style);
    border-block-width: 1px;
  }
  .border-t {
    border-top-style: var(--tw-border-style);
    border-top-width: 1px;
  }
  .border-t-4 {
    border-top-style: var(--tw-border-style);
    border-top-width: 4px;
  }
  .border-r {
    border-right-style: var(--tw-border-style);
    border-right-width: 1px;
  }
  .border-r-0 {
    border-right-style: var(--tw-border-style);
    border-right-width: 0px;
  }
  .border-b {
    border-bottom-style: var(--tw-border-style);
    border-bottom-width: 1px;
  }
  .border-b-0 {
    border-bottom-style: var(--tw-border-style);
    border-bottom-width: 0px;
  }
  .border-b-2 {
    border-bottom-style: var(--tw-border-style);
    border-bottom-width: 2px;
  }
  .border-l {
    border-left-style: var(--tw-border-style);
    border-left-width: 1px;
  }
  .border-l-0 {
    border-left-style: var(--tw-border-style);
    border-left-width: 0px;
  }
  .border-dashed {
    --tw-border-style: dashed;
    border-style: dashed;
  }
  .border-none {
    --tw-border-style: none;
    border-style: none;
  }
  .border-cyan-300 {
    border-color: var(--color-cyan-300);
  }
  .border-cyan-500 {
    border-color: var(--color-cyan-500);
  }
  .border-cyan-600 {
    border-color: var(--color-cyan-600);
  }
  .border-cyan-700 {
    border-color: var(--color-cyan-700);
  }
  .border-gray-100 {
    border-color: var(--color-gray-100);
  }
  .border-gray-200 {
    border-color: var(--color-gray-200);
  }
  .border-gray-300 {
    border-color: var(--color-gray-300);
  }
  .border-gray-400 {
    border-color: var(--color-gray-400);
  }
  .border-gray-500 {
    border-color: var(--color-gray-500);
  }
  .border-gray-600 {
    border-color: var(--color-gray-600);
  }
  .border-gray-900 {
    border-color: var(--color-gray-900);
  }
  .border-green-300 {
    border-color: var(--color-green-300);
  }
  .border-green-500 {
    border-color: var(--color-green-500);
  }
  .border-green-600 {
    border-color: var(--color-green-600);
  }
  .border-green-700 {
    border-color: var(--color-green-700);
  }
  .border-indigo-300 {
    border-color: var(--color-indigo-300);
  }
  .border-indigo-400 {
    border-color: var(--color-indigo-400);
  }
  .border-indigo-500 {
    border-color: var(--color-indigo-500);
  }
  .border-lime-300 {
    border-color: var(--color-lime-300);
  }
  .border-lime-400 {
    border-color: var(--color-lime-400);
  }
  .border-lime-500 {
    border-color: var(--color-lime-500);
  }
  .border-pink-300 {
    border-color: var(--color-pink-300);
  }
  .border-pink-500 {
    border-color: var(--color-pink-500);
  }
  .border-pink-600 {
    border-color: var(--color-pink-600);
  }
  .border-purple-500 {
    border-color: var(--color-purple-500);
  }
  .border-purple-900 {
    border-color: var(--color-purple-900);
  }
  .border-red-300 {
    border-color: var(--color-red-300);
  }
  .border-red-500 {
    border-color: var(--color-red-500);
  }
  .border-red-600 {
    border-color: var(--color-red-600);
  }
  .border-red-900 {
    border-color: var(--color-red-900);
  }
  .border-skin-accent {
    border-color: var(--color-skin-accent);
  }
  .border-skin-fill {
    border-color: var(--color-skin-fill);
  }
  .border-skin-fill\/40 {
    border-color: color-mix(in srgb, rgb(var(--color-fill)) 40%, transparent);
    @supports (color: color-mix(in lab, red, red)) {
      border-color: color-mix(in oklab, var(--color-skin-fill) 40%, transparent);
    }
  }
  .border-skin-line {
    border-color: var(--color-skin-line);
  }
  .border-skin-line\/40 {
    border-color: color-mix(in srgb, rgb(var(--color-border)) 40%, transparent);
    @supports (color: color-mix(in lab, red, red)) {
      border-color: color-mix(in oklab, var(--color-skin-line) 40%, transparent);
    }
  }
  .border-skin-line\/60 {
    border-color: color-mix(in srgb, rgb(var(--color-border)) 60%, transparent);
    @supports (color: color-mix(in lab, red, red)) {
      border-color: color-mix(in oklab, var(--color-skin-line) 60%, transparent);
    }
  }
  .border-teal-300 {
    border-color: var(--color-teal-300);
  }
  .border-teal-500 {
    border-color: var(--color-teal-500);
  }
  .border-transparent {
    border-color: transparent;
  }
  .border-white {
    border-color: var(--color-white);
  }
  .border-yellow-300 {
    border-color: var(--color-yellow-300);
  }
  .border-yellow-400 {
    border-color: var(--color-yellow-400);
  }
  .border-yellow-500 {
    border-color: var(--color-yellow-500);
  }
  .border-yellow-600 {
    border-color: var(--color-yellow-600);
  }
  .bg-blue-600 {
    background-color: var(--color-blue-600);
  }
  .bg-blue-700 {
    background-color: var(--color-blue-700);
  }
  .bg-cyan-50 {
    background-color: var(--color-cyan-50);
  }
  .bg-cyan-100 {
    background-color: var(--color-cyan-100);
  }
  .bg-cyan-200 {
    background-color: var(--color-cyan-200);
  }
  .bg-cyan-500 {
    background-color: var(--color-cyan-500);
  }
  .bg-cyan-600 {
    background-color: var(--color-cyan-600);
  }
  .bg-cyan-700 {
    background-color: var(--color-cyan-700);
  }
  .bg-gray-50 {
    background-color: var(--color-gray-50);
  }
  .bg-gray-100 {
    background-color: var(--color-gray-100);
  }
  .bg-gray-200 {
    background-color: var(--color-gray-200);
  }
  .bg-gray-400 {
    background-color: var(--color-gray-400);
  }
  .bg-gray-500 {
    background-color: var(--color-gray-500);
  }
  .bg-gray-600 {
    background-color: var(--color-gray-600);
  }
  .bg-gray-700 {
    background-color: var(--color-gray-700);
  }
  .bg-gray-800 {
    background-color: var(--color-gray-800);
  }
  .bg-gray-900 {
    background-color: var(--color-gray-900);
  }
  .bg-green-50 {
    background-color: var(--color-green-50);
  }
  .bg-green-100 {
    background-color: var(--color-green-100);
  }
  .bg-green-400 {
    background-color: var(--color-green-400);
  }
  .bg-green-500 {
    background-color: var(--color-green-500);
  }
  .bg-green-600 {
    background-color: var(--color-green-600);
  }
  .bg-green-700 {
    background-color: var(--color-green-700);
  }
  .bg-indigo-100 {
    background-color: var(--color-indigo-100);
  }
  .bg-indigo-400 {
    background-color: var(--color-indigo-400);
  }
  .bg-indigo-600 {
    background-color: var(--color-indigo-600);
  }
  .bg-lime-100 {
    background-color: var(--color-lime-100);
  }
  .bg-lime-400 {
    background-color: var(--color-lime-400);
  }
  .bg-lime-600 {
    background-color: var(--color-lime-600);
  }
  .bg-pink-100 {
    background-color: var(--color-pink-100);
  }
  .bg-pink-500 {
    background-color: var(--color-pink-500);
  }
  .bg-pink-600 {
    background-color: var(--color-pink-600);
  }
  .bg-purple-50 {
    background-color: var(--color-purple-50);
  }
  .bg-purple-100 {
    background-color: var(--color-purple-100);
  }
  .bg-purple-600 {
    background-color: var(--color-purple-600);
  }
  .bg-purple-700 {
    background-color: var(--color-purple-700);
  }
  .bg-red-50 {
    background-color: var(--color-red-50);
  }
  .bg-red-100 {
    background-color: var(--color-red-100);
  }
  .bg-red-400 {
    background-color: var(--color-red-400);
  }
  .bg-red-600 {
    background-color: var(--color-red-600);
  }
  .bg-red-700 {
    background-color: var(--color-red-700);
  }
  .bg-skin-accent {
    background-color: var(--color-skin-accent);
  }
  .bg-skin-base {
    background-color: var(--color-skin-base);
  }
  .bg-skin-base\/40 {
    background-color: color-mix(in srgb, rgb(var(--color-text-base)) 40%, transparent);
    @supports (color: color-mix(in lab, red, red)) {
      background-color: color-mix(in oklab, var(--color-skin-base) 40%, transparent);
    }
  }
  .bg-skin-card {
    background-color: var(--color-skin-card);
  }
  .bg-skin-card\/30 {
    background-color: color-mix(in srgb, rgb(var(--color-card)) 30%, transparent);
    @supports (color: color-mix(in lab, red, red)) {
      background-color: color-mix(in oklab, var(--color-skin-card) 30%, transparent);
    }
  }
  .bg-skin-fill {
    background-color: var(--color-skin-fill);
  }
  .bg-skin-fill\/75 {
    background-color: color-mix(in srgb, rgb(var(--color-fill)) 75%, transparent);
    @supports (color: color-mix(in lab, red, red)) {
      background-color: color-mix(in oklab, var(--color-skin-fill) 75%, transparent);
    }
  }
  .bg-skin-line {
    background-color: var(--color-skin-line);
  }
  .bg-teal-100 {
    background-color: var(--color-teal-100);
  }
  .bg-teal-600 {
    background-color: var(--color-teal-600);
  }
  .bg-transparent {
    background-color: transparent;
  }
  .bg-white {
    background-color: var(--color-white);
  }
  .bg-yellow-50 {
    background-color: var(--color-yellow-50);
  }
  .bg-yellow-100 {
    background-color: var(--color-yellow-100);
  }
  .bg-yellow-400 {
    background-color: var(--color-yellow-400);
  }
  .bg-yellow-600 {
    background-color: var(--color-yellow-600);
  }
  .bg-gradient-to-br {
    --tw-gradient-position: to bottom right in oklab;
    background-image: linear-gradient(var(--tw-gradient-stops));
  }
  .bg-gradient-to-r {
    --tw-gradient-position: to right in oklab;
    background-image: linear-gradient(var(--tw-gradient-stops));
  }
  .from-cyan-400 {
    --tw-gradient-from: var(--color-cyan-400);
    --tw-gradient-stops: var(--tw-gradient-via-stops, var(--tw-gradient-position), var(--tw-gradient-from) var(--tw-gradient-from-position), var(--tw-gradient-to) var(--tw-gradient-to-position));
  }
  .from-cyan-500 {
    --tw-gradient-from: var(--color-cyan-500);
    --tw-gradient-stops: var(--tw-gradient-via-stops, var(--tw-gradient-position), var(--tw-gradient-from) var(--tw-gradient-from-position), var(--tw-gradient-to) var(--tw-gradient-to-position));
  }
  .from-green-400 {
    --tw-gradient-from: var(--color-green-400);
    --tw-gradient-stops: var(--tw-gradient-via-stops, var(--tw-gradient-position), var(--tw-gradient-from) var(--tw-gradient-from-position), var(--tw-gradient-to) var(--tw-gradient-to-position));
  }
  .from-lime-200 {
    --tw-gradient-from: var(--color-lime-200);
    --tw-gradient-stops: var(--tw-gradient-via-stops, var(--tw-gradient-position), var(--tw-gradient-from) var(--tw-gradient-from-position), var(--tw-gradient-to) var(--tw-gradient-to-position));
  }
  .from-pink-400 {
    --tw-gradient-from: var(--color-pink-400);
    --tw-gradient-stops: var(--tw-gradient-via-stops, var(--tw-gradient-position), var(--tw-gradient-from) var(--tw-gradient-from-position), var(--tw-gradient-to) var(--tw-gradient-to-position));
  }
  .from-pink-500 {
    --tw-gradient-from: var(--color-pink-500);
    --tw-gradient-stops: var(--tw-gradient-via-stops, var(--tw-gradient-position), var(--tw-gradient-from) var(--tw-gradient-from-position), var(--tw-gradient-to) var(--tw-gradient-to-position));
  }
  .from-purple-500 {
    --tw-gradient-from: var(--color-purple-500);
    --tw-gradient-stops: var(--tw-gradient-via-stops, var(--tw-gradient-position), var(--tw-gradient-from) var(--tw-gradient-from-position), var(--tw-gradient-to) var(--tw-gradient-to-position));
  }
  .from-purple-600 {
    --tw-gradient-from: var(--color-purple-600);
    --tw-gradient-stops: var(--tw-gradient-via-stops, var(--tw-gradient-position), var(--tw-gradient-from) var(--tw-gradient-from-position), var(--tw-gradient-to) var(--tw-gradient-to-position));
  }
  .from-red-200 {
    --tw-gradient-from: var(--color-red-200);
    --tw-gradient-stops: var(--tw-gradient-via-stops, var(--tw-gradient-position), var(--tw-gradient-from) var(--tw-gradient-from-position), var(--tw-gradient-to) var(--tw-gradient-to-position));
  }
  .from-red-400 {
    --tw-gradient-from: var(--color-red-400);
    --tw-gradient-stops: var(--tw-gradient-via-stops, var(--tw-gradient-position), var(--tw-gradient-from) var(--tw-gradient-from-position), var(--tw-gradient-to) var(--tw-gradient-to-position));
  }
  .from-teal-200 {
    --tw-gradient-from: var(--color-teal-200);
    --tw-gradient-stops: var(--tw-gradient-via-stops, var(--tw-gradient-position), var(--tw-gradient-from) var(--tw-gradient-from-position), var(--tw-gradient-to) var(--tw-gradient-to-position));
  }
  .from-teal-400 {
    --tw-gradient-from: var(--color-teal-400);
    --tw-gradient-stops: var(--tw-gradient-via-stops, var(--tw-gradient-position), var(--tw-gradient-from) var(--tw-gradient-from-position), var(--tw-gradient-to) var(--tw-gradient-to-position));
  }
  .via-cyan-500 {
    --tw-gradient-via: var(--color-cyan-500);
    --tw-gradient-via-stops: var(--tw-gradient-position), var(--tw-gradient-from) var(--tw-gradient-from-position), var(--tw-gradient-via) var(--tw-gradient-via-position), var(--tw-gradient-to) var(--tw-gradient-to-position);
    --tw-gradient-stops: var(--tw-gradient-via-stops);
  }
  .via-cyan-600 {
    --tw-gradient-via: var(--color-cyan-600);
    --tw-gradient-via-stops: var(--tw-gradient-position), var(--tw-gradient-from) var(--tw-gradient-from-position), var(--tw-gradient-via) var(--tw-gradient-via-position), var(--tw-gradient-to) var(--tw-gradient-to-position);
    --tw-gradient-stops: var(--tw-gradient-via-stops);
  }
  .via-green-500 {
    --tw-gradient-via: var(--color-green-500);
    --tw-gradient-via-stops: var(--tw-gradient-position), var(--tw-gradient-from) var(--tw-gradient-from-position), var(--tw-gradient-via) var(--tw-gradient-via-position), var(--tw-gradient-to) var(--tw-gradient-to-position);
    --tw-gradient-stops: var(--tw-gradient-via-stops);
  }
  .via-lime-400 {
    --tw-gradient-via: var(--color-lime-400);
    --tw-gradient-via-stops: var(--tw-gradient-position), var(--tw-gradient-from) var(--tw-gradient-from-position), var(--tw-gradient-via) var(--tw-gradient-via-position), var(--tw-gradient-to) var(--tw-gradient-to-position);
    --tw-gradient-stops: var(--tw-gradient-via-stops);
  }
  .via-pink-500 {
    --tw-gradient-via: var(--color-pink-500);
    --tw-gradient-via-stops: var(--tw-gradient-position), var(--tw-gradient-from) var(--tw-gradient-from-position), var(--tw-gradient-via) var(--tw-gradient-via-position), var(--tw-gradient-to) var(--tw-gradient-to-position);
    --tw-gradient-stops: var(--tw-gradient-via-stops);
  }
  .via-purple-600 {
    --tw-gradient-via: var(--color-purple-600);
    --tw-gradient-via-stops: var(--tw-gradient-position), var(--tw-gradient-from) var(--tw-gradient-from-position), var(--tw-gradient-via) var(--tw-gradient-via-position), var(--tw-gradient-to) var(--tw-gradient-to-position);
    --tw-gradient-stops: var(--tw-gradient-via-stops);
  }
  .via-red-300 {
    --tw-gradient-via: var(--color-red-300);
    --tw-gradient-via-stops: var(--tw-gradient-position), var(--tw-gradient-from) var(--tw-gradient-from-position), var(--tw-gradient-via) var(--tw-gradient-via-position), var(--tw-gradient-to) var(--tw-gradient-to-position);
    --tw-gradient-stops: var(--tw-gradient-via-stops);
  }
  .via-red-500 {
    --tw-gradient-via: var(--color-red-500);
    --tw-gradient-via-stops: var(--tw-gradient-position), var(--tw-gradient-from) var(--tw-gradient-from-position), var(--tw-gradient-via) var(--tw-gradient-via-position), var(--tw-gradient-to) var(--tw-gradient-to-position);
    --tw-gradient-stops: var(--tw-gradient-via-stops);
  }
  .via-teal-500 {
    --tw-gradient-via: var(--color-teal-500);
    --tw-gradient-via-stops: var(--tw-gradient-position), var(--tw-gradient-from) var(--tw-gradient-from-position), var(--tw-gradient-via) var(--tw-gradient-via-position), var(--tw-gradient-to) var(--tw-gradient-to-position);
    --tw-gradient-stops: var(--tw-gradient-via-stops);
  }
  .to-cyan-500 {
    --tw-gradient-to: var(--color-cyan-500);
    --tw-gradient-stops: var(--tw-gradient-via-stops, var(--tw-gradient-position), var(--tw-gradient-from) var(--tw-gradient-from-position), var(--tw-gradient-to) var(--tw-gradient-to-position));
  }
  .to-cyan-600 {
    --tw-gradient-to: var(--color-cyan-600);
    --tw-gradient-stops: var(--tw-gradient-via-stops, var(--tw-gradient-position), var(--tw-gradient-from) var(--tw-gradient-from-position), var(--tw-gradient-to) var(--tw-gradient-to-position));
  }
  .to-cyan-700 {
    --tw-gradient-to: var(--color-cyan-700);
    --tw-gradient-stops: var(--tw-gradient-via-stops, var(--tw-gradient-position), var(--tw-gradient-from) var(--tw-gradient-from-position), var(--tw-gradient-to) var(--tw-gradient-to-position));
  }
  .to-green-600 {
    --tw-gradient-to: var(--color-green-600);
    --tw-gradient-stops: var(--tw-gradient-via-stops, var(--tw-gradient-position), var(--tw-gradient-from) var(--tw-gradient-from-position), var(--tw-gradient-to) var(--tw-gradient-to-position));
  }
  .to-lime-200 {
    --tw-gradient-to: var(--color-lime-200);
    --tw-gradient-stops: var(--tw-gradient-via-stops, var(--tw-gradient-position), var(--tw-gradient-from) var(--tw-gradient-from-position), var(--tw-gradient-to) var(--tw-gradient-to-position));
  }
  .to-lime-500 {
    --tw-gradient-to: var(--color-lime-500);
    --tw-gradient-stops: var(--tw-gradient-via-stops, var(--tw-gradient-position), var(--tw-gradient-from) var(--tw-gradient-from-position), var(--tw-gradient-to) var(--tw-gradient-to-position));
  }
  .to-orange-400 {
    --tw-gradient-to: var(--color-orange-400);
    --tw-gradient-stops: var(--tw-gradient-via-stops, var(--tw-gradient-position), var(--tw-gradient-from) var(--tw-gradient-from-position), var(--tw-gradient-to) var(--tw-gradient-to-position));
  }
  .to-pink-500 {
    --tw-gradient-to: var(--color-pink-500);
    --tw-gradient-stops: var(--tw-gradient-via-stops, var(--tw-gradient-position), var(--tw-gradient-from) var(--tw-gradient-from-position), var(--tw-gradient-to) var(--tw-gradient-to-position));
  }
  .to-pink-600 {
    --tw-gradient-to: var(--color-pink-600);
    --tw-gradient-stops: var(--tw-gradient-via-stops, var(--tw-gradient-position), var(--tw-gradient-from) var(--tw-gradient-from-position), var(--tw-gradient-to) var(--tw-gradient-to-position));
  }
  .to-purple-700 {
    --tw-gradient-to: var(--color-purple-700);
    --tw-gradient-stops: var(--tw-gradient-via-stops, var(--tw-gradient-position), var(--tw-gradient-from) var(--tw-gradient-from-position), var(--tw-gradient-to) var(--tw-gradient-to-position));
  }
  .to-red-600 {
    --tw-gradient-to: var(--color-red-600);
    --tw-gradient-stops: var(--tw-gradient-via-stops, var(--tw-gradient-position), var(--tw-gradient-from) var(--tw-gradient-from-position), var(--tw-gradient-to) var(--tw-gradient-to-position));
  }
  .to-teal-600 {
    --tw-gradient-to: var(--color-teal-600);
    --tw-gradient-stops: var(--tw-gradient-via-stops, var(--tw-gradient-position), var(--tw-gradient-from) var(--tw-gradient-from-position), var(--tw-gradient-to) var(--tw-gradient-to-position));
  }
  .to-yellow-200 {
    --tw-gradient-to: var(--color-yellow-200);
    --tw-gradient-stops: var(--tw-gradient-via-stops, var(--tw-gradient-position), var(--tw-gradient-from) var(--tw-gradient-from-position), var(--tw-gradient-to) var(--tw-gradient-to-position));
  }
  .fill-current {
    fill: currentcolor;
  }
  .fill-cyan-600 {
    fill: var(--color-cyan-600);
  }
  .fill-gray-600 {
    fill: var(--color-gray-600);
  }
  .fill-green-500 {
    fill: var(--color-green-500);
  }
  .fill-pink-600 {
    fill: var(--color-pink-600);
  }
  .fill-purple-600 {
    fill: var(--color-purple-600);
  }
  .fill-red-600 {
    fill: var(--color-red-600);
  }
  .fill-skin-accent {
    fill: var(--color-skin-accent);
  }
  .fill-skin-base {
    fill: var(--color-skin-base);
  }
  .fill-yellow-400 {
    fill: var(--color-yellow-400);
  }
  .object-contain {
    object-fit: contain;
  }
  .object-cover {
    object-fit: cover;
  }
  .p-0 {
    padding: calc(var(--spacing) * 0);
  }
  .p-1 {
    padding: calc(var(--spacing) * 1);
  }
  .p-2 {
    padding: calc(var(--spacing) * 2);
  }
  .p-3 {
    padding: calc(var(--spacing) * 3);
  }
  .p-4 {
    padding: calc(var(--spacing) * 4);
  }
  .p-5 {
    padding: calc(var(--spacing) * 5);
  }
  .p-6 {
    padding: calc(var(--spacing) * 6);
  }
  .px-0 {
    padding-inline: calc(var(--spacing) * 0);
  }
  .px-1 {
    padding-inline: calc(var(--spacing) * 1);
  }
  .px-2 {
    padding-inline: calc(var(--spacing) * 2);
  }
  .px-3 {
    padding-inline: calc(var(--spacing) * 3);
  }
  .px-4 {
    padding-inline: calc(var(--spacing) * 4);
  }
  .px-5 {
    padding-inline: calc(var(--spacing) * 5);
  }
  .px-6 {
    padding-inline: calc(var(--spacing) * 6);
  }
  .py-0 {
    padding-block: calc(var(--spacing) * 0);
  }
  .py-1 {
    padding-block: calc(var(--spacing) * 1);
  }
  .py-2 {
    padding-block: calc(var(--spacing) * 2);
  }
  .py-2\.5 {
    padding-block: calc(var(--spacing) * 2.5);
  }
  .py-3 {
    padding-block: calc(var(--spacing) * 3);
  }
  .py-3\.5 {
    padding-block: calc(var(--spacing) * 3.5);
  }
  .py-4 {
    padding-block: calc(var(--spacing) * 4);
  }
  .py-5 {
    padding-block: calc(var(--spacing) * 5);
  }
  .py-6 {
    padding-block: calc(var(--spacing) * 6);
  }
  .ps-5 {
    padding-inline-start: calc(var(--spacing) * 5);
  }
  .pt-0 {
    padding-top: calc(var(--spacing) * 0);
  }
  .pt-0\.5 {
    padding-top: calc(var(--spacing) * 0.5);
  }
  .pt-2 {
    padding-top: calc(var(--spacing) * 2);
  }
  .pt-3 {
    padding-top: calc(var(--spacing) * 3);
  }
  .pt-4 {
    padding-top: calc(var(--spacing) * 4);
  }
  .pt-5 {
    padding-top: calc(var(--spacing) * 5);
  }
  .pr-1 {
    padding-right: calc(var(--spacing) * 1);
  }
  .pr-2 {
    padding-right: calc(var(--spacing) * 2);
  }
  .pr-2\.5 {
    padding-right: calc(var(--spacing) * 2.5);
  }
  .pr-3 {
    padding-right: calc(var(--spacing) * 3);
  }
  .pr-4 {
    padding-right: calc(var(--spacing) * 4);
  }
  .pr-8 {
    padding-right: calc(var(--spacing) * 8);
  }
  .pr-10 {
    padding-right: calc(var(--spacing) * 10);
  }
  .pb-2 {
    padding-bottom: calc(var(--spacing) * 2);
  }
  .pb-4 {
    padding-bottom: calc(var(--spacing) * 4);
  }
  .pb-6 {
    padding-bottom: calc(var(--spacing) * 6);
  }
  .pl-0 {
    padding-left: calc(var(--spacing) * 0);
  }
  .pl-2 {
    padding-left: calc(var(--spacing) * 2);
  }
  .pl-3 {
    padding-left: calc(var(--spacing) * 3);
  }
  .pl-8 {
    padding-left: calc(var(--spacing) * 8);
  }
  .pl-9 {
    padding-left: calc(var(--spacing) * 9);
  }
  .pl-10 {
    padding-left: calc(var(--spacing) * 10);
  }
  .pl-12 {
    padding-left: calc(var(--spacing) * 12);
  }
  .pl-16 {
    padding-left: calc(var(--spacing) * 16);
  }
  .pl-20 {
    padding-left: calc(var(--spacing) * 20);
  }
  .text-center {
    text-align: center;
  }
  .text-left {
    text-align: left;
  }
  .text-right {
    text-align: right;
  }
  .font-mono {
    font-family: var(--font-mono);
  }
  .text-2xl {
    font-size: var(--text-2xl);
    line-height: var(--tw-leading, var(--text-2xl--line-height));
  }
  .text-3xl {
    font-size: var(--text-3xl);
    line-height: var(--tw-leading, var(--text-3xl--line-height));
  }
  .text-9xl {
    font-size: var(--text-9xl);
    line-height: var(--tw-leading, var(--text-9xl--line-height));
  }
  .text-base {
    font-size: var(--text-base);
    line-height: var(--tw-leading, var(--text-base--line-height));
  }
  .text-lg {
    font-size: var(--text-lg);
    line-height: var(--tw-leading, var(--text-lg--line-height));
  }
  .text-sm {
    font-size: var(--text-sm);
    line-height: var(--tw-leading, var(--text-sm--line-height));
  }
  .text-xl {
    font-size: var(--text-xl);
    line-height: var(--tw-leading, var(--text-xl--line-height));
  }
  .text-xs {
    font-size: var(--text-xs);
    line-height: var(--tw-leading, var(--text-xs--line-height));
  }
  .text-\[10px\] {
    font-size: 10px;
  }
  .leading-4 {
    --tw-leading: calc(var(--spacing) * 4);
    line-height: calc(var(--spacing) * 4);
  }
  .leading-6 {
    --tw-leading: calc(var(--spacing) * 6);
    line-height: calc(var(--spacing) * 6);
  }
  .leading-9 {
    --tw-leading: calc(var(--spacing) * 9);
    line-height: calc(var(--spacing) * 9);
  }
  .leading-none {
    --tw-leading: 1;
    line-height: 1;
  }
  .leading-relaxed {
    --tw-leading: var(--leading-relaxed);
    line-height: var(--leading-relaxed);
  }
  .leading-tight {
    --tw-leading: var(--leading-tight);
    line-height: var(--leading-tight);
  }
  .font-bold {
    --tw-font-weight: var(--font-weight-bold);
    font-weight: var(--font-weight-bold);
  }
  .font-medium {
    --tw-font-weight: var(--font-weight-medium);
    font-weight: var(--font-weight-medium);
  }
  .font-normal {
    --tw-font-weight: var(--font-weight-normal);
    font-weight: var(--font-weight-normal);
  }
  .font-semibold {
    --tw-font-weight: var(--font-weight-semibold);
    font-weight: var(--font-weight-semibold);
  }
  .tracking-wider {
    --tw-tracking: var(--tracking-wider);
    letter-spacing: var(--tracking-wider);
  }
  .text-nowrap {
    text-wrap: nowrap;
  }
  .text-wrap {
    text-wrap: wrap;
  }
  .whitespace-nowrap {
    white-space: nowrap;
  }
  .text-blue-700 {
    color: var(--color-blue-700);
  }
  .text-cyan-300 {
    color: var(--color-cyan-300);
  }
  .text-cyan-500 {
    color: var(--color-cyan-500);
  }
  .text-cyan-600 {
    color: var(--color-cyan-600);
  }
  .text-cyan-700 {
    color: var(--color-cyan-700);
  }
  .text-cyan-800 {
    color: var(--color-cyan-800);
  }
  .text-cyan-900 {
    color: var(--color-cyan-900);
  }
  .text-gray-100 {
    color: var(--color-gray-100);
  }
  .text-gray-200 {
    color: var(--color-gray-200);
  }
  .text-gray-300 {
    color: var(--color-gray-300);
  }
  .text-gray-400 {
    color: var(--color-gray-400);
  }
  .text-gray-500 {
    color: var(--color-gray-500);
  }
  .text-gray-600 {
    color: var(--color-gray-600);
  }
  .text-gray-700 {
    color: var(--color-gray-700);
  }
  .text-gray-800 {
    color: var(--color-gray-800);
  }
  .text-gray-900 {
    color: var(--color-gray-900);
  }
  .text-green-500 {
    color: var(--color-green-500);
  }
  .text-green-600 {
    color: var(--color-green-600);
  }
  .text-green-700 {
    color: var(--color-green-700);
  }
  .text-green-800 {
    color: var(--color-green-800);
  }
  .text-green-900 {
    color: var(--color-green-900);
  }
  .text-indigo-500 {
    color: var(--color-indigo-500);
  }
  .text-indigo-700 {
    color: var(--color-indigo-700);
  }
  .text-indigo-800 {
    color: var(--color-indigo-800);
  }
  .text-indigo-900 {
    color: var(--color-indigo-900);
  }
  .text-lime-500 {
    color: var(--color-lime-500);
  }
  .text-lime-700 {
    color: var(--color-lime-700);
  }
  .text-lime-800 {
    color: var(--color-lime-800);
  }
  .text-lime-900 {
    color: var(--color-lime-900);
  }
  .text-pink-500 {
    color: var(--color-pink-500);
  }
  .text-pink-600 {
    color: var(--color-pink-600);
  }
  .text-pink-700 {
    color: var(--color-pink-700);
  }
  .text-pink-800 {
    color: var(--color-pink-800);
  }
  .text-pink-900 {
    color: var(--color-pink-900);
  }
  .text-purple-500 {
    color: var(--color-purple-500);
  }
  .text-purple-600 {
    color: var(--color-purple-600);
  }
  .text-purple-700 {
    color: var(--color-purple-700);
  }
  .text-purple-800 {
    color: var(--color-purple-800);
  }
  .text-red-500 {
    color: var(--color-red-500);
  }
  .text-red-600 {
    color: var(--color-red-600);
  }
  .text-red-700 {
    color: var(--color-red-700);
  }
  .text-red-800 {
    color: var(--color-red-800);
  }
  .text-red-900 {
    color: var(--color-red-900);
  }
  .text-skin-accent {
    color: var(--color-skin-accent);
  }
  .text-skin-base {
    color: var(--color-skin-base);
  }
  .text-skin-base\/40 {
    color: color-mix(in srgb, rgb(var(--color-text-base)) 40%, transparent);
    @supports (color: color-mix(in lab, red, red)) {
      color: color-mix(in oklab, var(--color-skin-base) 40%, transparent);
    }
  }
  .text-skin-base\/50 {
    color: color-mix(in srgb, rgb(var(--color-text-base)) 50%, transparent);
    @supports (color: color-mix(in lab, red, red)) {
      color: color-mix(in oklab, var(--color-skin-base) 50%, transparent);
    }
  }
  .text-skin-base\/60 {
    color: color-mix(in srgb, rgb(var(--color-text-base)) 60%, transparent);
    @supports (color: color-mix(in lab, red, red)) {
      color: color-mix(in oklab, var(--color-skin-base) 60%, transparent);
    }
  }
  .text-skin-base\/70 {
    color: color-mix(in srgb, rgb(var(--color-text-base)) 70%, transparent);
    @supports (color: color-mix(in lab, red, red)) {
      color: color-mix(in oklab, var(--color-skin-base) 70%, transparent);
    }
  }
  .text-skin-base\/75 {
    color: color-mix(in srgb, rgb(var(--color-text-base)) 75%, transparent);
    @supports (color: color-mix(in lab, red, red)) {
      color: color-mix(in oklab, var(--color-skin-base) 75%, transparent);
    }
  }
  .text-skin-base\/80 {
    color: color-mix(in srgb, rgb(var(--color-text-base)) 80%, transparent);
    @supports (color: color-mix(in lab, red, red)) {
      color: color-mix(in oklab, var(--color-skin-base) 80%, transparent);
    }
  }
  .text-skin-fill {
    color: var(--color-skin-fill);
  }
  .text-skin-inverted {
    color: var(--color-skin-inverted);
  }
  .text-teal-500 {
    color: var(--color-teal-500);
  }
  .text-teal-600 {
    color: var(--color-teal-600);
  }
  .text-teal-700 {
    color: var(--color-teal-700);
  }
  .text-teal-800 {
    color: var(--color-teal-800);
  }
  .text-teal-900 {
    color: var(--color-teal-900);
  }
  .text-white {
    color: var(--color-white);
  }
  .text-yellow-400 {
    color: var(--color-yellow-400);
  }
  .text-yellow-500 {
    color: var(--color-yellow-500);
  }
  .text-yellow-700 {
    color: var(--color-yellow-700);
  }
  .text-yellow-800 {
    color: var(--color-yellow-800);
  }
  .text-yellow-900 {
    color: var(--color-yellow-900);
  }
  .capitalize {
    text-transform: capitalize;
  }
  .lowercase {
    text-transform: lowercase;
  }
  .uppercase {
    text-transform: uppercase;
  }
  .italic {
    font-style: italic;
  }
  .not-italic {
    font-style: normal;
  }
  .tabular-nums {
    --tw-numeric-spacing: tabular-nums;
    font-variant-numeric: var(--tw-ordinal,) var(--tw-slashed-zero,) var(--tw-numeric-figure,) var(--tw-numeric-spacing,) var(--tw-numeric-fraction,);
  }
  .no-underline {
    text-decoration-line: none;
  }
  .underline {
    text-decoration-line: underline;
  }
  .decoration-dashed {
    text-decoration-style: dashed;
  }
  .decoration-wavy {
    text-decoration-style: wavy;
  }
  .decoration-2 {
    text-decoration-thickness: 2px;
  }
  .underline-offset-4 {
    text-underline-offset: 4px;
  }
  .underline-offset-8 {
    text-underline-offset: 8px;
  }
  .opacity-0 {
    opacity: 0%;
  }
  .opacity-50 {
    opacity: 50%;
  }
  .opacity-75 {
    opacity: 75%;
  }
  .opacity-80 {
    opacity: 80%;
  }
  .shadow {
    --tw-shadow: 0 1px 3px 0 var(--tw-shadow-color, rgb(0 0 0 / 0.1)), 0 1px 2px -1px var(--tw-shadow-color, rgb(0 0 0 / 0.1));
    box-shadow: var(--tw-inset-shadow), var(--tw-inset-ring-shadow), var(--tw-ring-offset-shadow), var(--tw-ring-shadow), var(--tw-shadow);
  }
  .shadow-lg {
    --tw-shadow: 0 10px 15px -3px var(--tw-shadow-color, rgb(0 0 0 / 0.1)), 0 4px 6px -4px var(--tw-shadow-color, rgb(0 0 0 / 0.1));
    box-shadow: var(--tw-inset-shadow), var(--tw-inset-ring-shadow), var(--tw-ring-offset-shadow), var(--tw-ring-shadow), var(--tw-shadow);
  }
  .shadow-md {
    --tw-shadow: 0 4px 6px -1px var(--tw-shadow-color, rgb(0 0 0 / 0.1)), 0 2px 4px -2px var(--tw-shadow-color, rgb(0 0 0 / 0.1));
    box-shadow: var(--tw-inset-shadow), var(--tw-inset-ring-shadow), var(--tw-ring-offset-shadow), var(--tw-ring-shadow), var(--tw-shadow);
  }
  .shadow-sm {
    --tw-shadow: 0 1px 3px 0 var(--tw-shadow-color, rgb(0 0 0 / 0.1)), 0 1px 2px -1px var(--tw-shadow-color, rgb(0 0 0 / 0.1));
    box-shadow: var(--tw-inset-shadow), var(--tw-inset-ring-shadow), var(--tw-ring-offset-shadow), var(--tw-ring-shadow), var(--tw-shadow);
  }
  .shadow-xs {
    --tw-shadow: 0 1px 2px 0 var(--tw-shadow-color, rgb(0 0 0 / 0.05));
    box-shadow: var(--tw-inset-shadow), var(--tw-inset-ring-shadow), var(--tw-ring-offset-shadow), var(--tw-ring-shadow), var(--tw-shadow);
  }
  .ring-2 {
    --tw-ring-shadow: var(--tw-ring-inset,) 0 0 0 calc(2px + var(--tw-ring-offset-width)) var(--tw-ring-color, currentcolor);
    box-shadow: var(--tw-inset-shadow), var(--tw-inset-ring-shadow), var(--tw-ring-offset-shadow), var(--tw-ring-shadow), var(--tw-shadow);
  }
  .ring-8 {
    --tw-ring-shadow: var(--tw-ring-inset,) 0 0 0 calc(8px + var(--tw-ring-offset-width)) var(--tw-ring-color, currentcolor);
    box-shadow: var(--tw-inset-shadow), var(--tw-inset-ring-shadow), var(--tw-ring-offset-sha