┌─────────────────────┬────────────────────────────────────────────────────────┐
│ critical            │ Arbitrary code execution in protobufjs                 │
├─────────────────────┼────────────────────────────────────────────────────────┤
│ Package             │ protobufjs                                             │
├─────────────────────┼────────────────────────────────────────────────────────┤
│ Vulnerable versions │ <7.5.5                                                 │
├─────────────────────┼────────────────────────────────────────────────────────┤
│ Patched versions    │ >=7.5.5                                                │
├─────────────────────┼────────────────────────────────────────────────────────┤
│ Paths               │ .>flowbite-react>contentlayer>@contentlayer/           │
│                     │ utils>@opentelemetry/exporter-trace-otlp-grpc>@grpc/   │
│                     │ grpc-js>@grpc/proto-loader>protobufjs                  │
├─────────────────────┼────────────────────────────────────────────────────────┤
│ More info           │ https://github.com/advisories/GHSA-xq3m-2v4x-88gg      │
└─────────────────────┴────────────────────────────────────────────────────────┘
┌─────────────────────┬────────────────────────────────────────────────────────┐
│ high                │ Next.js Server-Side Request Forgery in Server Actions  │
├─────────────────────┼────────────────────────────────────────────────────────┤
│ Package             │ next                                                   │
├─────────────────────┼────────────────────────────────────────────────────────┤
│ Vulnerable versions │ >=13.4.0 <14.1.1                                       │
├─────────────────────┼────────────────────────────────────────────────────────┤
│ Patched versions    │ >=14.1.1                                               │
├─────────────────────┼────────────────────────────────────────────────────────┤
│ Paths               │ .>flowbite-react>next-contentlayer>next                │
├─────────────────────┼────────────────────────────────────────────────────────┤
│ More info           │ https://github.com/advisories/GHSA-fr5h-rqp8-mj6g      │
└─────────────────────┴────────────────────────────────────────────────────────┘
┌─────────────────────┬────────────────────────────────────────────────────────┐
│ high                │ Uncontrolled resource consumption in braces            │
├─────────────────────┼────────────────────────────────────────────────────────┤
│ Package             │ braces                                                 │
├─────────────────────┼────────────────────────────────────────────────────────┤
│ Vulnerable versions │ <3.0.3                                                 │
├─────────────────────┼────────────────────────────────────────────────────────┤
│ Patched versions    │ >=3.0.3                                                │
├─────────────────────┼────────────────────────────────────────────────────────┤
│ Paths               │ .>flowbite-react>contentlayer>@contentlayer/source-    │
│                     │ files>chokidar>braces                                  │
├─────────────────────┼────────────────────────────────────────────────────────┤
│ More info           │ https://github.com/advisories/GHSA-grv7-fg5c-xmjg      │
└─────────────────────┴────────────────────────────────────────────────────────┘
┌─────────────────────┬────────────────────────────────────────────────────────┐
│ high                │ Command Injection in lodash                            │
├─────────────────────┼────────────────────────────────────────────────────────┤
│ Package             │ lodash.template                                        │
├─────────────────────┼────────────────────────────────────────────────────────┤
│ Vulnerable versions │ <=4.5.0                                                │
├─────────────────────┼────────────────────────────────────────────────────────┤
│ Patched versions    │ <0.0.0                                                 │
├─────────────────────┼────────────────────────────────────────────────────────┤
│ Paths               │ .>flowbite-react>markdown-                             │
│                     │ toc>remarkable>autolinker>gulp-header>lodash.template  │
├─────────────────────┼────────────────────────────────────────────────────────┤
│ More info           │ https://github.com/advisories/GHSA-35jh-r3h4-6jhm      │
└─────────────────────┴────────────────────────────────────────────────────────┘
┌─────────────────────┬────────────────────────────────────────────────────────┐
│ high                │ Next.js authorization bypass vulnerability             │
├─────────────────────┼────────────────────────────────────────────────────────┤
│ Package             │ next                                                   │
├─────────────────────┼────────────────────────────────────────────────────────┤
│ Vulnerable versions │ >=9.5.5 <14.2.15                                       │
├─────────────────────┼────────────────────────────────────────────────────────┤
│ Patched versions    │ >=14.2.15                                              │
├─────────────────────┼────────────────────────────────────────────────────────┤
│ Paths               │ .>flowbite-react>next-contentlayer>next                │
├─────────────────────┼────────────────────────────────────────────────────────┤
│ More info           │ https://github.com/advisories/GHSA-7gfc-8cq8-jh5f      │
└─────────────────────┴────────────────────────────────────────────────────────┘
┌─────────────────────┬────────────────────────────────────────────────────────┐
│ high                │ tar-fs has a symlink validation bypass if destination  │
│                     │ directory is predictable with a specific tarball       │
├─────────────────────┼────────────────────────────────────────────────────────┤
│ Package             │ tar-fs                                                 │
├─────────────────────┼────────────────────────────────────────────────────────┤
│ Vulnerable versions │ >=2.0.0 <2.1.4                                         │
├─────────────────────┼────────────────────────────────────────────────────────┤
│ Patched versions    │ >=2.1.4                                                │
├─────────────────────┼────────────────────────────────────────────────────────┤
│ Paths               │ .>flowbite-react>sharp>prebuild-install>tar-fs         │
├─────────────────────┼────────────────────────────────────────────────────────┤
│ More info           │ https://github.com/advisories/GHSA-vj76-c3g6-qr5v      │
└─────────────────────┴────────────────────────────────────────────────────────┘
┌─────────────────────┬────────────────────────────────────────────────────────┐
│ high                │ tar-fs has a symlink validation bypass if destination  │
│                     │ directory is predictable with a specific tarball       │
├─────────────────────┼────────────────────────────────────────────────────────┤
│ Package             │ tar-fs                                                 │
├─────────────────────┼────────────────────────────────────────────────────────┤
│ Vulnerable versions │ >=3.0.0 <3.1.1                                         │
├─────────────────────┼────────────────────────────────────────────────────────┤
│ Patched versions    │ >=3.1.1                                                │
├─────────────────────┼────────────────────────────────────────────────────────┤
│ Paths               │ .>flowbite-react>sharp>tar-fs                          │
├─────────────────────┼────────────────────────────────────────────────────────┤
│ More info           │ https://github.com/advisories/GHSA-vj76-c3g6-qr5v      │
└─────────────────────┴────────────────────────────────────────────────────────┘
┌─────────────────────┬────────────────────────────────────────────────────────┐
│ high                │ tar-fs can extract outside the specified dir with a    │
│                     │ specific tarball                                       │
├─────────────────────┼────────────────────────────────────────────────────────┤
│ Package             │ tar-fs                                                 │
├─────────────────────┼────────────────────────────────────────────────────────┤
│ Vulnerable versions │ >=3.0.0 <3.0.9                                         │
├─────────────────────┼────────────────────────────────────────────────────────┤
│ Patched versions    │ >=3.0.9                                                │
├─────────────────────┼────────────────────────────────────────────────────────┤
│ Paths               │ .>flowbite-react>sharp>tar-fs                          │
├─────────────────────┼────────────────────────────────────────────────────────┤
│ More info           │ https://github.com/advisories/GHSA-8cj5-5rvv-wf4v      │
└─────────────────────┴────────────────────────────────────────────────────────┘
┌─────────────────────┬────────────────────────────────────────────────────────┐
│ high                │ tar-fs can extract outside the specified dir with a    │
│                     │ specific tarball                                       │
├─────────────────────┼────────────────────────────────────────────────────────┤
│ Package             │ tar-fs                                                 │
├─────────────────────┼────────────────────────────────────────────────────────┤
│ Vulnerable versions │ >=2.0.0 <2.1.3                                         │
├─────────────────────┼────────────────────────────────────────────────────────┤
│ Patched versions    │ >=2.1.3                                                │
├─────────────────────┼────────────────────────────────────────────────────────┤
│ Paths               │ .>flowbite-react>sharp>prebuild-install>tar-fs         │
├─────────────────────┼────────────────────────────────────────────────────────┤
│ More info           │ https://github.com/advisories/GHSA-8cj5-5rvv-wf4v      │
└─────────────────────┴────────────────────────────────────────────────────────┘
┌─────────────────────┬────────────────────────────────────────────────────────┐
│ high                │ tar-fs Vulnerable to Link Following and Path Traversal │
│                     │ via Extracting a Crafted tar File                      │
├─────────────────────┼────────────────────────────────────────────────────────┤
│ Package             │ tar-fs                                                 │
├─────────────────────┼────────────────────────────────────────────────────────┤
│ Vulnerable versions │ >=3.0.0 <3.0.7                                         │
├─────────────────────┼────────────────────────────────────────────────────────┤
│ Patched versions    │ >=3.0.7                                                │
├─────────────────────┼────────────────────────────────────────────────────────┤
│ Paths               │ .>flowbite-react>sharp>tar-fs                          │
├─────────────────────┼────────────────────────────────────────────────────────┤
│ More info           │ https://github.com/advisories/GHSA-pq67-2wwv-3xjx      │
└─────────────────────┴────────────────────────────────────────────────────────┘
┌─────────────────────┬────────────────────────────────────────────────────────┐
│ high                │ tar-fs Vulnerable to Link Following and Path Traversal │
│                     │ via Extracting a Crafted tar File                      │
├─────────────────────┼────────────────────────────────────────────────────────┤
│ Package             │ tar-fs                                                 │
├─────────────────────┼────────────────────────────────────────────────────────┤
│ Vulnerable versions │ >=2.0.0 <2.1.2                                         │
├─────────────────────┼────────────────────────────────────────────────────────┤
│ Patched versions    │ >=2.1.2                                                │
├─────────────────────┼────────────────────────────────────────────────────────┤
│ Paths               │ .>flowbite-react>sharp>prebuild-install>tar-fs         │
├─────────────────────┼────────────────────────────────────────────────────────┤
│ More info           │ https://github.com/advisories/GHSA-pq67-2wwv-3xjx      │
└─────────────────────┴────────────────────────────────────────────────────────┘
┌─────────────────────┬────────────────────────────────────────────────────────┐
│ high                │ Next Vulnerable to Denial of Service with Server       │
│                     │ Components                                             │
├─────────────────────┼────────────────────────────────────────────────────────┤
│ Package             │ next                                                   │
├─────────────────────┼────────────────────────────────────────────────────────┤
│ Vulnerable versions │ >=13.3.0 <14.2.34                                      │
├─────────────────────┼────────────────────────────────────────────────────────┤
│ Patched versions    │ >=14.2.34                                              │
├─────────────────────┼────────────────────────────────────────────────────────┤
│ Paths               │ .>flowbite-react>next-contentlayer>next                │
├─────────────────────┼────────────────────────────────────────────────────────┤
│ More info           │ https://github.com/advisories/GHSA-mwv6-3258-q52c      │
└─────────────────────┴────────────────────────────────────────────────────────┘
┌─────────────────────┬────────────────────────────────────────────────────────┐
│ high                │ Next has a Denial of Service with Server Components -  │
│                     │ Incomplete Fix Follow-Up                               │
├─────────────────────┼────────────────────────────────────────────────────────┤
│ Package             │ next                                                   │
├─────────────────────┼────────────────────────────────────────────────────────┤
│ Vulnerable versions │ >=13.3.1-canary.0 <14.2.35                             │
├─────────────────────┼────────────────────────────────────────────────────────┤
│ Patched versions    │ >=14.2.35                                              │
├─────────────────────┼────────────────────────────────────────────────────────┤
│ Paths               │ .>flowbite-react>next-contentlayer>next                │
├─────────────────────┼────────────────────────────────────────────────────────┤
│ More info           │ https://github.com/advisories/GHSA-5j59-xgg2-r9c4      │
└─────────────────────┴────────────────────────────────────────────────────────┘
┌─────────────────────┬────────────────────────────────────────────────────────┐
│ high                │ Next.js HTTP request deserialization can lead to DoS   │
│                     │ when using insecure React Server Components            │
├─────────────────────┼────────────────────────────────────────────────────────┤
│ Package             │ next                                                   │
├─────────────────────┼────────────────────────────────────────────────────────┤
│ Vulnerable versions │ >=13.0.0 <15.0.8                                       │
├─────────────────────┼────────────────────────────────────────────────────────┤
│ Patched versions    │ >=15.0.8                                               │
├─────────────────────┼────────────────────────────────────────────────────────┤
│ Paths               │ .>flowbite-react>next-contentlayer>next                │
├─────────────────────┼────────────────────────────────────────────────────────┤
│ More info           │ https://github.com/advisories/GHSA-h25m-26qc-wcjf      │
└─────────────────────┴────────────────────────────────────────────────────────┘
┌─────────────────────┬────────────────────────────────────────────────────────┐
│ high                │ Picomatch has a ReDoS vulnerability via extglob        │
│                     │ quantifiers                                            │
├─────────────────────┼────────────────────────────────────────────────────────┤
│ Package             │ picomatch                                              │
├─────────────────────┼────────────────────────────────────────────────────────┤
│ Vulnerable versions │ <2.3.2                                                 │
├─────────────────────┼────────────────────────────────────────────────────────┤
│ Patched versions    │ >=2.3.2                                                │
├─────────────────────┼────────────────────────────────────────────────────────┤
│ Paths               │ .>astro>unstorage>anymatch>picomatch                   │
├─────────────────────┼────────────────────────────────────────────────────────┤
│ More info           │ https://github.com/advisories/GHSA-c2c7-rcm5-vvqj      │
└─────────────────────┴────────────────────────────────────────────────────────┘
┌─────────────────────┬────────────────────────────────────────────────────────┐
│ high                │ lodash vulnerable to Code Injection via `_.template`   │
│                     │ imports key names                                      │
├─────────────────────┼────────────────────────────────────────────────────────┤
│ Package             │ lodash.template                                        │
├─────────────────────┼────────────────────────────────────────────────────────┤
│ Vulnerable versions │ >=4.0.0 <4.18.0                                        │
├─────────────────────┼────────────────────────────────────────────────────────┤
│ Patched versions    │ >=4.18.0                                               │
├─────────────────────┼────────────────────────────────────────────────────────┤
│ Paths               │ .>flowbite-react>markdown-                             │
│                     │ toc>remarkable>autolinker>gulp-header>lodash.template  │
├─────────────────────┼────────────────────────────────────────────────────────┤
│ More info           │ https://github.com/advisories/GHSA-r5fr-rjxr-66jc      │
└─────────────────────┴────────────────────────────────────────────────────────┘
┌─────────────────────┬────────────────────────────────────────────────────────┐
│ high                │ Next.js has a Denial of Service with Server Components │
├─────────────────────┼────────────────────────────────────────────────────────┤
│ Package             │ next                                                   │
├─────────────────────┼────────────────────────────────────────────────────────┤
│ Vulnerable versions │ >=13.0.0 <15.5.15                                      │
├─────────────────────┼────────────────────────────────────────────────────────┤
│ Patched versions    │ >=15.5.15                                              │
├─────────────────────┼────────────────────────────────────────────────────────┤
│ Paths               │ .>flowbite-react>next-contentlayer>next                │
├─────────────────────┼────────────────────────────────────────────────────────┤
│ More info           │ https://github.com/advisories/GHSA-q4gf-8mx6-v5v3      │
└─────────────────────┴────────────────────────────────────────────────────────┘
┌─────────────────────┬────────────────────────────────────────────────────────┐
│ moderate            │ @grpc/grpc-js can allocate memory for incoming         │
│                     │ messages well above configured limits                  │
├─────────────────────┼────────────────────────────────────────────────────────┤
│ Package             │ @grpc/grpc-js                                          │
├─────────────────────┼────────────────────────────────────────────────────────┤
│ Vulnerable versions │ >=1.10.0 <1.10.9                                       │
├─────────────────────┼────────────────────────────────────────────────────────┤
│ Patched versions    │ >=1.10.9                                               │
├─────────────────────┼────────────────────────────────────────────────────────┤
│ Paths               │ .>flowbite-react>contentlayer>@contentlayer/           │
│                     │ utils>@opentelemetry/exporter-trace-otlp-grpc>@grpc/   │
│                     │ grpc-js                                                │
├─────────────────────┼────────────────────────────────────────────────────────┤
│ More info           │ https://github.com/advisories/GHSA-7v5v-9h63-cj86      │
└─────────────────────┴────────────────────────────────────────────────────────┘
┌─────────────────────┬────────────────────────────────────────────────────────┐
│ moderate            │ Regular Expression Denial of Service (ReDoS) in        │
│                     │ micromatch                                             │
├─────────────────────┼────────────────────────────────────────────────────────┤
│ Package             │ micromatch                                             │
├─────────────────────┼────────────────────────────────────────────────────────┤
│ Vulnerable versions │ <4.0.8                                                 │
├─────────────────────┼────────────────────────────────────────────────────────┤
│ Patched versions    │ >=4.0.8                                                │
├─────────────────────┼────────────────────────────────────────────────────────┤
│ Paths               │ .>flowbite-react>contentlayer>@contentlayer/source-    │
│                     │ files>micromatch                                       │
├─────────────────────┼────────────────────────────────────────────────────────┤
│ More info           │ https://github.com/advisories/GHSA-952p-6rrq-rcjv      │
└─────────────────────┴────────────────────────────────────────────────────────┘
┌─────────────────────┬────────────────────────────────────────────────────────┐
│ moderate            │ Denial of Service condition in Next.js image           │
│                     │ optimization                                           │
├─────────────────────┼────────────────────────────────────────────────────────┤
│ Package             │ next                                                   │
├─────────────────────┼────────────────────────────────────────────────────────┤
│ Vulnerable versions │ >=10.0.0 <14.2.7                                       │
├─────────────────────┼────────────────────────────────────────────────────────┤
│ Patched versions    │ >=14.2.7                                               │
├─────────────────────┼────────────────────────────────────────────────────────┤
│ Paths               │ .>flowbite-react>next-contentlayer>next                │
├─────────────────────┼────────────────────────────────────────────────────────┤
│ More info           │ https://github.com/advisories/GHSA-g77x-44xx-532m      │
└─────────────────────┴────────────────────────────────────────────────────────┘
┌─────────────────────┬────────────────────────────────────────────────────────┐
│ moderate            │ estree-util-value-to-estree allows prototype pollution │
│                     │ in generated ESTree                                    │
├─────────────────────┼────────────────────────────────────────────────────────┤
│ Package             │ estree-util-value-to-estree                            │
├─────────────────────┼────────────────────────────────────────────────────────┤
│ Vulnerable versions │ <3.3.3                                                 │
├─────────────────────┼────────────────────────────────────────────────────────┤
│ Patched versions    │ >=3.3.3                                                │
├─────────────────────┼────────────────────────────────────────────────────────┤
│ Paths               │ .>flowbite-react>contentlayer>@contentlayer/core>mdx-  │
│                     │ bundler>remark-mdx-frontmatter>estree-util-value-to-   │
│                     │ estree                                                 │
├─────────────────────┼────────────────────────────────────────────────────────┤
│ More info           │ https://github.com/advisories/GHSA-f7f6-9jq7-3rqj      │
└─────────────────────┴────────────────────────────────────────────────────────┘
┌─────────────────────┬────────────────────────────────────────────────────────┐
│ moderate            │ Babel has inefficient RegExp complexity in generated   │
│                     │ code with .replace when transpiling named capturing    │
│                     │ groups                                                 │
├─────────────────────┼────────────────────────────────────────────────────────┤
│ Package             │ @babel/runtime                                         │
├─────────────────────┼────────────────────────────────────────────────────────┤
│ Vulnerable versions │ <7.26.10                                               │
├─────────────────────┼────────────────────────────────────────────────────────┤
│ Patched versions    │ >=7.26.10                                              │
├─────────────────────┼────────────────────────────────────────────────────────┤
│ Paths               │ .>flowbite-react>contentlayer>@contentlayer/core>mdx-  │
│                     │ bundler>@babel/runtime                                 │
├─────────────────────┼────────────────────────────────────────────────────────┤
│ More info           │ https://github.com/advisories/GHSA-968p-4wvh-cqc8      │
└─────────────────────┴────────────────────────────────────────────────────────┘
┌─────────────────────┬────────────────────────────────────────────────────────┐
│ moderate            │ Next.js Affected by Cache Key Confusion for Image      │
│                     │ Optimization API Routes                                │
├─────────────────────┼────────────────────────────────────────────────────────┤
│ Package             │ next                                                   │
├─────────────────────┼────────────────────────────────────────────────────────┤
│ Vulnerable versions │ >=0.9.9 <14.2.31                                       │
├─────────────────────┼────────────────────────────────────────────────────────┤
│ Patched versions    │ >=14.2.31                                              │
├─────────────────────┼────────────────────────────────────────────────────────┤
│ Paths               │ .>flowbite-react>next-contentlayer>next                │
├─────────────────────┼────────────────────────────────────────────────────────┤
│ More info           │ https://github.com/advisories/GHSA-g5qg-72qw-gw5v      │
└─────────────────────┴────────────────────────────────────────────────────────┘
┌─────────────────────┬────────────────────────────────────────────────────────┐
│ moderate            │ Next.js Improper Middleware Redirect Handling Leads to │
│                     │ SSRF                                                   │
├─────────────────────┼────────────────────────────────────────────────────────┤
│ Package             │ next                                                   │
├─────────────────────┼────────────────────────────────────────────────────────┤
│ Vulnerable versions │ >=0.9.9 <14.2.32                                       │
├─────────────────────┼────────────────────────────────────────────────────────┤
│ Patched versions    │ >=14.2.32                                              │
├─────────────────────┼────────────────────────────────────────────────────────┤
│ Paths               │ .>flowbite-react>next-contentlayer>next                │
├─────────────────────┼────────────────────────────────────────────────────────┤
│ More info           │ https://github.com/advisories/GHSA-4342-x723-ch2f      │
└─────────────────────┴────────────────────────────────────────────────────────┘
┌─────────────────────┬────────────────────────────────────────────────────────┐
│ moderate            │ Next.js Content Injection Vulnerability for Image      │
│                     │ Optimization                                           │
├─────────────────────┼────────────────────────────────────────────────────────┤
│ Package             │ next                                                   │
├─────────────────────┼────────────────────────────────────────────────────────┤
│ Vulnerable versions │ >=0.9.9 <14.2.31                                       │
├─────────────────────┼────────────────────────────────────────────────────────┤
│ Patched versions    │ >=14.2.31                                              │
├─────────────────────┼────────────────────────────────────────────────────────┤
│ Paths               │ .>flowbite-react>next-contentlayer>next                │
├─────────────────────┼────────────────────────────────────────────────────────┤
│ More info           │ https://github.com/advisories/GHSA-xv57-4mr9-wg8v      │
└─────────────────────┴────────────────────────────────────────────────────────┘
┌─────────────────────┬────────────────────────────────────────────────────────┐
│ moderate            │ Next.js self-hosted applications vulnerable to DoS via │
│                     │ Image Optimizer remotePatterns configuration           │
├─────────────────────┼────────────────────────────────────────────────────────┤
│ Package             │ next                                                   │
├─────────────────────┼────────────────────────────────────────────────────────┤
│ Vulnerable versions │ >=10.0.0 <15.5.10                                      │
├─────────────────────┼────────────────────────────────────────────────────────┤
│ Patched versions    │ >=15.5.10                                              │
├─────────────────────┼────────────────────────────────────────────────────────┤
│ Paths               │ .>flowbite-react>next-contentlayer>next                │
├─────────────────────┼────────────────────────────────────────────────────────┤
│ More info           │ https://github.com/advisories/GHSA-9g9p-9gw9-jx7f      │
└─────────────────────┴────────────────────────────────────────────────────────┘
┌─────────────────────┬────────────────────────────────────────────────────────┐
│ moderate            │ js-yaml has prototype pollution in merge (<<)          │
├─────────────────────┼────────────────────────────────────────────────────────┤
│ Package             │ js-yaml                                                │
├─────────────────────┼────────────────────────────────────────────────────────┤
│ Vulnerable versions │ <3.14.2                                                │
├─────────────────────┼────────────────────────────────────────────────────────┤
│ Patched versions    │ >=3.14.2                                               │
├─────────────────────┼────────────────────────────────────────────────────────┤
│ Paths               │ .>flowbite-react>contentlayer>@contentlayer/core>gray- │
│                     │ matter>js-yaml                                         │
├─────────────────────┼────────────────────────────────────────────────────────┤
│ More info           │ https://github.com/advisories/GHSA-mh29-5h37-fv8m      │
└─────────────────────┴────────────────────────────────────────────────────────┘
┌─────────────────────┬────────────────────────────────────────────────────────┐
│ moderate            │ js-yaml has prototype pollution in merge (<<)          │
├─────────────────────┼────────────────────────────────────────────────────────┤
│ Package             │ js-yaml                                                │
├─────────────────────┼────────────────────────────────────────────────────────┤
│ Vulnerable versions │ >=4.0.0 <4.1.1                                         │
├─────────────────────┼────────────────────────────────────────────────────────┤
│ Patched versions    │ >=4.1.1                                                │
├─────────────────────┼────────────────────────────────────────────────────────┤
│ Paths               │ .>flowbite-react>contentlayer>@contentlayer/core>mdx-  │
│                     │ bundler>remark-mdx-frontmatter>js-yaml                 │
├─────────────────────┼────────────────────────────────────────────────────────┤
│ More info           │ https://github.com/advisories/GHSA-mh29-5h37-fv8m      │
└─────────────────────┴────────────────────────────────────────────────────────┘
┌─────────────────────┬────────────────────────────────────────────────────────┐
│ moderate            │ mdast-util-to-hast has unsanitized class attribute     │
├─────────────────────┼────────────────────────────────────────────────────────┤
│ Package             │ mdast-util-to-hast                                     │
├─────────────────────┼────────────────────────────────────────────────────────┤
│ Vulnerable versions │ >=13.0.0 <13.2.1                                       │
├─────────────────────┼────────────────────────────────────────────────────────┤
│ Patched versions    │ >=13.2.1                                               │
├─────────────────────┼────────────────────────────────────────────────────────┤
│ Paths               │ .>@astrojs/mdx>@astrojs/markdown-remark>remark-        │
│                     │ rehype>mdast-util-to-hast                              │
├─────────────────────┼────────────────────────────────────────────────────────┤
│ More info           │ https://github.com/advisories/GHSA-4fh9-h7wg-q85m      │
└─────────────────────┴────────────────────────────────────────────────────────┘
┌─────────────────────┬────────────────────────────────────────────────────────┐
│ moderate            │ Next.js: HTTP request smuggling in rewrites            │
├─────────────────────┼────────────────────────────────────────────────────────┤
│ Package             │ next                                                   │
├─────────────────────┼────────────────────────────────────────────────────────┤
│ Vulnerable versions │ >=9.5.0 <15.5.13                                       │
├─────────────────────┼────────────────────────────────────────────────────────┤
│ Patched versions    │ >=15.5.13                                              │
├─────────────────────┼────────────────────────────────────────────────────────┤
│ Paths               │ .>flowbite-react>next-contentlayer>next                │
├─────────────────────┼────────────────────────────────────────────────────────┤
│ More info           │ https://github.com/advisories/GHSA-ggv3-7p47-pfv8      │
└─────────────────────┴────────────────────────────────────────────────────────┘
┌─────────────────────┬────────────────────────────────────────────────────────┐
│ moderate            │ Next.js: Unbounded next/image disk cache growth can    │
│                     │ exhaust storage                                        │
├─────────────────────┼────────────────────────────────────────────────────────┤
│ Package             │ next                                                   │
├─────────────────────┼────────────────────────────────────────────────────────┤
│ Vulnerable versions │ >=10.0.0 <15.5.14                                      │
├─────────────────────┼────────────────────────────────────────────────────────┤
│ Patched versions    │ >=15.5.14                                              │
├─────────────────────┼────────────────────────────────────────────────────────┤
│ Paths               │ .>flowbite-react>next-contentlayer>next                │
├─────────────────────┼────────────────────────────────────────────────────────┤
│ More info           │ https://github.com/advisories/GHSA-3x4c-7xq6-9pq8      │
└─────────────────────┴────────────────────────────────────────────────────────┘
┌─────────────────────┬────────────────────────────────────────────────────────┐
│ moderate            │ Picomatch: Method Injection in POSIX Character Classes │
│                     │ causes incorrect Glob Matching                         │
├─────────────────────┼────────────────────────────────────────────────────────┤
│ Package             │ picomatch                                              │
├─────────────────────┼────────────────────────────────────────────────────────┤
│ Vulnerable versions │ <2.3.2                                                 │
├─────────────────────┼────────────────────────────────────────────────────────┤
│ Patched versions    │ >=2.3.2                                                │
├─────────────────────┼────────────────────────────────────────────────────────┤
│ Paths               │ .>astro>unstorage>anymatch>picomatch                   │
├─────────────────────┼────────────────────────────────────────────────────────┤
│ More info           │ https://github.com/advisories/GHSA-3v7f-55p6-f55p      │
└─────────────────────┴────────────────────────────────────────────────────────┘
┌─────────────────────┬────────────────────────────────────────────────────────┐
│ moderate            │ yaml is vulnerable to Stack Overflow via deeply nested │
│                     │ YAML collections                                       │
├─────────────────────┼────────────────────────────────────────────────────────┤
│ Package             │ yaml                                                   │
├─────────────────────┼────────────────────────────────────────────────────────┤
│ Vulnerable versions │ >=2.0.0 <2.8.3                                         │
├─────────────────────┼────────────────────────────────────────────────────────┤
│ Patched versions    │ >=2.8.3                                                │
├─────────────────────┼────────────────────────────────────────────────────────┤
│ Paths               │ .>@astrojs/check>@astrojs/language-server>volar-       │
│                     │ service-yaml>yaml-language-server>yaml                 │
│                     │                                                        │
│                     │ .>flowbite-react>contentlayer>@contentlayer/source-    │
│                     │ files>yaml                                             │
├─────────────────────┼────────────────────────────────────────────────────────┤
│ More info           │ https://github.com/advisories/GHSA-48c2-rrv3-qjmp      │
└─────────────────────┴────────────────────────────────────────────────────────┘
┌─────────────────────┬────────────────────────────────────────────────────────┐
│ moderate            │ uuid: Missing buffer bounds check in v3/v5/v6 when buf │
│                     │ is provided                                            │
├─────────────────────┼────────────────────────────────────────────────────────┤
│ Package             │ uuid                                                   │
├─────────────────────┼────────────────────────────────────────────────────────┤
│ Vulnerable versions │ <14.0.0                                                │
├─────────────────────┼────────────────────────────────────────────────────────┤
│ Patched versions    │ >=14.0.0                                               │
├─────────────────────┼────────────────────────────────────────────────────────┤
│ Paths               │ .>flowbite-react>contentlayer>@contentlayer/core>mdx-  │
│                     │ bundler>uuid                                           │
├─────────────────────┼────────────────────────────────────────────────────────┤
│ More info           │ https://github.com/advisories/GHSA-w5hq-g745-h8pq      │
└─────────────────────┴────────────────────────────────────────────────────────┘
┌─────────────────────┬────────────────────────────────────────────────────────┐
│ moderate            │ PostCSS has XSS via Unescaped </style> in its CSS      │
│                     │ Stringify Output                                       │
├─────────────────────┼────────────────────────────────────────────────────────┤
│ Package             │ postcss                                                │
├─────────────────────┼────────────────────────────────────────────────────────┤
│ Vulnerable versions │ <8.5.10                                                │
├─────────────────────┼────────────────────────────────────────────────────────┤
│ Patched versions    │ >=8.5.10                                               │
├─────────────────────┼────────────────────────────────────────────────────────┤
│ Paths               │ .>flowbite-react>next-contentlayer>next>postcss        │
├─────────────────────┼────────────────────────────────────────────────────────┤
│ More info           │ https://github.com/advisories/GHSA-qx2v-qp2m-jg93      │
└─────────────────────┴────────────────────────────────────────────────────────┘
┌─────────────────────┬────────────────────────────────────────────────────────┐
│ low                 │ Information exposure in Next.js dev server due to lack │
│                     │ of origin verification                                 │
├─────────────────────┼────────────────────────────────────────────────────────┤
│ Package             │ next                                                   │
├─────────────────────┼────────────────────────────────────────────────────────┤
│ Vulnerable versions │ >=13.0 <14.2.30                                        │
├─────────────────────┼────────────────────────────────────────────────────────┤
│ Patched versions    │ >=14.2.30                                              │
├─────────────────────┼────────────────────────────────────────────────────────┤
│ Paths               │ .>flowbite-react>next-contentlayer>next                │
├─────────────────────┼────────────────────────────────────────────────────────┤
│ More info           │ https://github.com/advisories/GHSA-3h52-269p-cp9r      │
└─────────────────────┴────────────────────────────────────────────────────────┘
┌─────────────────────┬────────────────────────────────────────────────────────┐
│ low                 │ Next.js Race Condition to Cache Poisoning              │
├─────────────────────┼────────────────────────────────────────────────────────┤
│ Package             │ next                                                   │
├─────────────────────┼────────────────────────────────────────────────────────┤
│ Vulnerable versions │ >=0.9.9 <14.2.24                                       │
├─────────────────────┼────────────────────────────────────────────────────────┤
│ Patched versions    │ >=14.2.24                                              │
├─────────────────────┼────────────────────────────────────────────────────────┤
│ Paths               │ .>flowbite-react>next-contentlayer>next                │
├─────────────────────┼────────────────────────────────────────────────────────┤
│ More info           │ https://github.com/advisories/GHSA-qpjv-v59x-3qc4      │
└─────────────────────┴────────────────────────────────────────────────────────┘
┌─────────────────────┬────────────────────────────────────────────────────────┐
│ low                 │ jsdiff has a Denial of Service vulnerability in        │
│                     │ parsePatch and applyPatch                              │
├─────────────────────┼────────────────────────────────────────────────────────┤
│ Package             │ diff                                                   │
├─────────────────────┼────────────────────────────────────────────────────────┤
│ Vulnerable versions │ >=5.0.0 <5.2.2                                         │
├─────────────────────┼────────────────────────────────────────────────────────┤
│ Patched versions    │ >=5.2.2                                                │
├─────────────────────┼────────────────────────────────────────────────────────┤
│ Paths               │ .>flowbite-react>contentlayer>@contentlayer/core>mdx-  │
│                     │ bundler>@mdx-js/esbuild>@mdx-js/mdx>hast-util-to-      │
│                     │ estree>mdast-util-mdx-expression>mdast-util-from-      │
│                     │ markdown>uvu>diff                                      │
├─────────────────────┼────────────────────────────────────────────────────────┤
│ More info           │ https://github.com/advisories/GHSA-73rr-hh4g-fpgx      │
└─────────────────────┴────────────────────────────────────────────────────────┘
39 vulnerabilities found
Severity: 3 low | 19 moderate | 16 high | 1 critical
