BASE = 448198133fc96ac9063f82ec00ff54601b8b274b

--- Diff stat ---
 astro.config.mjs                                   |   8 +-
 docs/library-packages-upgrade/backlog.yaml         |  14 +-
 .../justifications/T-22.md                         | 180 +++++
 package.json                                       |  10 +-
 pnpm-lock.yaml                                     | 784 ++++++++++-----------
 qa-runs/T-22-20260429/visual/01-home-dark.png      | Bin 0 -> 114880 bytes
 .../T-22-20260429/visual/01-home-light-toggled.png | Bin 0 -> 113678 bytes
 qa-runs/T-22-20260429/visual/01-home-light.png     | Bin 0 -> 117230 bytes
 qa-runs/T-22-20260429/visual/02-posts-list.png     | Bin 0 -> 124189 bytes
 .../T-22-20260429/visual/03-post-detail-top.png    | Bin 0 -> 210308 bytes
 qa-runs/T-22-20260429/visual/03-post-detail.png    | Bin 0 -> 109131 bytes
 qa-runs/T-22-20260429/visual/04-tips-list.png      | Bin 0 -> 88114 bytes
 qa-runs/T-22-20260429/visual/05-tip-detail.png     | Bin 0 -> 108571 bytes
 qa-runs/T-22-20260429/visual/06-tags.png           | Bin 0 -> 123174 bytes
 qa-runs/T-22-20260429/visual/07-tag-detail.png     | Bin 0 -> 149606 bytes
 qa-runs/T-22-20260429/visual/08-about.png          | Bin 0 -> 212370 bytes
 qa-runs/T-22-20260429/visual/09-threads.png        | Bin 0 -> 153995 bytes
 qa-runs/T-22-20260429/visual/10-404.png            | Bin 0 -> 40891 bytes
 src/components/Breadcrumbs.astro                   |   1 +
 src/components/Footer.astro                        |   1 +
 src/components/Header.astro                        |   1 +
 src/components/Pagination.astro                    |   1 +
 src/components/Search.tsx                          | 203 +++---
 src/components/ShareLinks.astro                    |   1 +
 src/components/Socials.astro                       |   1 +
 src/components/Tag.astro                           |   1 +
 src/layouts/Main.astro                             |   1 +
 src/layouts/PostDetails.astro                      |   1 +
 src/layouts/TipDetails.astro                       |   1 +
 src/layouts/Tips.astro                             |   1 +
 src/pages/404.astro                                |   1 +
 src/pages/index.astro                              |   1 +
 src/styles/base.css                                | 132 +++-
 tailwind.config.cjs                                |  83 ---
 34 files changed, 785 insertions(+), 642 deletions(-)

--- Name status ---
M	astro.config.mjs
M	docs/library-packages-upgrade/backlog.yaml
A	docs/library-packages-upgrade/justifications/T-22.md
M	package.json
M	pnpm-lock.yaml
A	qa-runs/T-22-20260429/visual/01-home-dark.png
A	qa-runs/T-22-20260429/visual/01-home-light-toggled.png
A	qa-runs/T-22-20260429/visual/01-home-light.png
A	qa-runs/T-22-20260429/visual/02-posts-list.png
A	qa-runs/T-22-20260429/visual/03-post-detail-top.png
A	qa-runs/T-22-20260429/visual/03-post-detail.png
A	qa-runs/T-22-20260429/visual/04-tips-list.png
A	qa-runs/T-22-20260429/visual/05-tip-detail.png
A	qa-runs/T-22-20260429/visual/06-tags.png
A	qa-runs/T-22-20260429/visual/07-tag-detail.png
A	qa-runs/T-22-20260429/visual/08-about.png
A	qa-runs/T-22-20260429/visual/09-threads.png
A	qa-runs/T-22-20260429/visual/10-404.png
M	src/components/Breadcrumbs.astro
M	src/components/Footer.astro
M	src/components/Header.astro
M	src/components/Pagination.astro
M	src/components/Search.tsx
M	src/components/ShareLinks.astro
M	src/components/Socials.astro
M	src/components/Tag.astro
M	src/layouts/Main.astro
M	src/layouts/PostDetails.astro
M	src/layouts/TipDetails.astro
M	src/layouts/Tips.astro
M	src/pages/404.astro
M	src/pages/index.astro
M	src/styles/base.css
D	tailwind.config.cjs
