* Host localhost:4321 was resolved.
* IPv6: ::1
* IPv4: 127.0.0.1
*   Trying [::1]:4321...
* Connected to localhost (::1) port 4321
> GET / HTTP/1.1
> Host: localhost:4321
> User-Agent: curl/8.7.1
> Accept: */*
> 
* Request completely sent off
< HTTP/1.1 200 OK
< Access-Control-Allow-Origin: *
< content-type: text/html
< Date: Wed, 29 Apr 2026 16:23:31 GMT
< Connection: keep-alive
< Keep-Alive: timeout=5
< Transfer-Encoding: chunked
< 
{ [2137 bytes data]
<!DOCTYPE html><html lang="en" class="false"> <head><meta charset="UTF-8"><meta name="viewport" content="width=device-width"><link rel="icon" type="image/svg+xml" href="/favicon.svg"><link rel="canonical" href="https://www.novifyx.com/"><meta name="generator" content="Astro v4.4.9"><!-- General Meta Tags --><title>Novi Fyx</title><meta name="title" content="Novi Fyx"><meta name="description" content="New Partial Derivative!"><meta name="author" content="Alexander Pustomelnyk"><link rel="sitemap" href="/sitemap-index.xml"><!-- Open Graph / Facebook --><meta property="og:title" content="Novi Fyx"><meta property="og:description" content="New Partial Derivative!"><meta property="og:url" content="https://www.novifyx.com/"><meta property="og:image" content="http://localhost:4321/novifyx-og.jpg"><!-- Article Published/Modified time --><!-- Twitter --><meta property="twitter:card" content="summary_large_image"><meta property="twitter:url" content="https://www.novifyx.com/"><meta property="twitter:title" content="Novi Fyx"><meta property="twitter:description" content="New Partial Derivative!"><meta property="twitter:image" content="http://localhost:4321/novifyx-og.jpg"><!-- Google Font (non-blocking) --><link rel="preconnect" href="https://fonts.googleapis.com"><link rel="preconnect" href="https://fonts.gstatic.com" crossorigin><link rel="preload" as="style" href="https://fonts.googleapis.com/css2?family=IBM+Plex+Mono:ital,wght@0,400;0,500;0,600;0,700;1,400;1,600&display=swap"><link rel="stylesheet" href="https://fonts.googleapis.com/css2?family=IBM+Plex+Mono:ital,wght@0,400;0,500;0,600;0,700;1,400;1,600&display=swap" media="print" onload="this.media='all'"><noscript><link rel="stylesheet" href="https://fonts.googleapis.com/css2?family=IBM+Plex+Mono:ital,wght@0,400;0,500;0,600;0,700;1,400;1,600&display=swap"></noscript><meta name="theme-color" content=""><!-- Google tag (gtag.js) --><meta name="astro-view-transitions-enabled" content="true"><meta name="astro-view-transitions-fallback" content="animate"><script src="/toggle-theme.js"></script><script data-flowbite-theme-mode-script="true">
    try {
      const mode = window.localStorage.getItem('flowbite-theme-mode') ?? 'undefined' ?? 'light';
      const computedMode =
        mode === 'auto' ? (window.matchMedia('(prefers-color-scheme: dark)').matches ? 'dark' : 'light') : mode;

      if (computedMode === 'dark') {
        document.documentElement.classList.add('dark');
      } else {
        document.documentElement.classList.remove('dark');
      }
    } catch (e) {}
  </script><style data-vite-dev-id="/Users/ap/.config/superpowers/worktrees/eliotik.github.io/T-00-qa/src/styles/base.css">/*
! tailwindcss v3.4.1 | MIT License | https://tailwindcss.com
*//*
1. Prevent padding and border from affecting element width. (https://github.com/mozdevs/cssremedy/issues/4)
2. Allow adding a border to an element by just adding a border-width. (https://github.com/tailwindcss/tailwindcss/pull/116)
*/

*,
::before,
::after {
  box-sizing: border-box; /* 1 */
  border-width: 0; /* 2 */
  border-style: solid; /* 2 */
  border-color: #E5E7EB; /* 2 */
}

::before,
::after {
  --tw-content: '';
}

/*
1. Use a consistent sensible line-height in all browsers.
2. Prevent adjustments of font size after orientation changes in iOS.
3. Use a more readable tab size.
4. Use the user's configured `sans` font-family by default.
5. Use the user's configured `sans` font-feature-settings by default.
6. Use the user's configured `sans` font-variation-settings by default.
7. Disable tap highlights on iOS
*/

html,
:host {
  line-height: 1.5; /* 1 */
  -webkit-text-size-adjust: 100%; /* 2 */
  -moz-tab-size: 4; /* 3 */
  -o-tab-size: 4;
     tab-size: 4; /* 3 */
  font-family: ui-sans-serif, system-ui, sans-serif, "Apple Color Emoji", "Segoe UI Emoji", "Segoe UI Symbol", "Noto Color Emoji"; /* 4 */
  font-feature-settings: normal; /* 5 */
  font-variation-settings: normal; /* 6 */
  -webkit-tap-highlight-color: transparent; /* 7 */
}

/*
1. Remove the margin in all browsers.
2. Inherit line-height from `html` so users can set them as a class directly on the `html` element.
*/

body {
  margin: 0; /* 1 */
  line-height: inherit; /* 2 */
}

/*
1. Add the correct height in Firefox.
2. Correct the inheritance of border color in Firefox. (https://bugzilla.mozilla.org/show_bug.cgi?id=190655)
3. Ensure horizontal rules are visible by default.
*/

hr {
  height: 0; /* 1 */
  color: inherit; /* 2 */
  border-top-width: 1px; /* 3 */
}

/*
Add the correct text decoration in Chrome, Edge, and Safari.
*/

abbr:where([title]) {
  -webkit-text-decoration: underline dotted;
          text-decoration: underline dotted;
}

/*
Remove the default font size and weight for headings.
*/

h1,
h2,
h3,
h4,
h5,
h6 {
  font-size: inherit;
  font-weight: inherit;
}

/*
Reset links to optimize for opt-in styling instead of opt-out.
*/

a {
  color: inherit;
  text-decoration: inherit;
}

/*
Add the correct font weight in Edge and Safari.
*/

b,
strong {
  font-weight: bolder;
}

/*
1. Use the user's configured `mono` font-family by default.
2. Use the user's configured `mono` font-feature-settings by default.
3. Use the user's configured `mono` font-variation-settings by default.
4. Correct the odd `em` font sizing in all browsers.
*/

code,
kbd,
samp,
pre {
  font-family: IBM Plex Mono, monospace; /* 1 */
  font-feature-settings: normal; /* 2 */
  font-variation-settings: normal; /* 3 */
  font-size: 1em; /* 4 */
}

/*
Add the correct font size in all browsers.
*/

small {
  font-size: 80%;
}

/*
Prevent `sub` and `sup` elements from affecting the line height in all browsers.
*/

sub,
sup {
  font-size: 75%;
  line-height: 0;
  position: relative;
  vertical-align: baseline;
}

sub {
  bottom: -0.25em;
}

sup {
  top: -0.5em;
}

/*
1. Remove text indentation from table contents in Chrome and Safari. (https://bugs.chromium.org/p/chromium/issues/detail?id=999088, https://bugs.webkit.org/show_bug.cgi?id=201297)
2. Correct table border color inheritance in all Chrome and Safari. (https://bugs.chromium.org/p/chromium/issues/detail?id=935729, https://bugs.webkit.org/show_bug.cgi?id=195016)
3. Remove gaps between table borders by default.
*/

table {
  text-indent: 0; /* 1 */
  border-color: inherit; /* 2 */
  border-collapse: collapse; /* 3 */
}

/*
1. Change the font styles in all browsers.
2. Remove the margin in Firefox and Safari.
3. Remove default padding in all browsers.
*/

button,
input,
optgroup,
select,
textarea {
  font-family: inherit; /* 1 */
  font-feature-settings: inherit; /* 1 */
  font-variation-settings: inherit; /* 1 */
  font-size: 100%; /* 1 */
  font-weight: inherit; /* 1 */
  line-height: inherit; /* 1 */
  color: inherit; /* 1 */
  margin: 0; /* 2 */
  padding: 0; /* 3 */
}

/*
Remove the inheritance of text transform in Edge and Firefox.
*/

button,
select {
  text-transform: none;
}

/*
1. Correct the inability to style clickable types in iOS and Safari.
2. Remove default button styles.
*/

button,
[type='button'],
[type='reset'],
[type='submit'] {
  -webkit-appearance: button; /* 1 */
  background-color: transparent; /* 2 */
  background-image: none; /* 2 */
}

/*
Use the modern Firefox focus style for all focusable elements.
*/

:-moz-focusring {
  outline: auto;
}

/*
Remove the additional `:invalid` styles in Firefox. (https://github.com/mozilla/gecko-dev/blob/2f9eacd9d3d995c937b4251a5557d95d494c9be1/layout/style/res/forms.css#L728-L737)
*/

:-moz-ui-invalid {
  box-shadow: none;
}

/*
Add the correct vertical alignment in Chrome and Firefox.
*/

progress {
  vertical-align: baseline;
}

/*
Correct the cursor style of increment and decrement buttons in Safari.
*/

::-webkit-inner-spin-button,
::-webkit-outer-spin-button {
  height: auto;
}

/*
1. Correct the odd appearance in Chrome and Safari.
2. Correct the outline style in Safari.
*/

[type='search'] {
  -webkit-appearance: textfield; /* 1 */
  outline-offset: -2px; /* 2 */
}

/*
Remove the inner padding in Chrome and Safari on macOS.
*/

::-webkit-search-decoration {
  -webkit-appearance: none;
}

/*
1. Correct the inability to style clickable types in iOS and Safari.
2. Change