┌─────────────────────┬────────────────────────────────────────────────────────┐
│ high                │ Picomatch has a ReDoS vulnerability via extglob        │
│                     │ quantifiers                                            │
├─────────────────────┼────────────────────────────────────────────────────────┤
│ Package             │ picomatch                                              │
├─────────────────────┼────────────────────────────────────────────────────────┤
│ Vulnerable versions │ <2.3.2                                                 │
├─────────────────────┼────────────────────────────────────────────────────────┤
│ Patched versions    │ >=2.3.2                                                │
├─────────────────────┼────────────────────────────────────────────────────────┤
│ Paths               │ .>astro>unstorage>anymatch>picomatch                   │
├─────────────────────┼────────────────────────────────────────────────────────┤
│ More info           │ https://github.com/advisories/GHSA-c2c7-rcm5-vvqj      │
└─────────────────────┴────────────────────────────────────────────────────────┘
┌─────────────────────┬────────────────────────────────────────────────────────┐
│ moderate            │ mdast-util-to-hast has unsanitized class attribute     │
├─────────────────────┼────────────────────────────────────────────────────────┤
│ Package             │ mdast-util-to-hast                                     │
├─────────────────────┼────────────────────────────────────────────────────────┤
│ Vulnerable versions │ >=13.0.0 <13.2.1                                       │
├─────────────────────┼────────────────────────────────────────────────────────┤
│ Patched versions    │ >=13.2.1                                               │
├─────────────────────┼────────────────────────────────────────────────────────┤
│ Paths               │ .>@astrojs/mdx>@astrojs/markdown-remark>remark-        │
│                     │ rehype>mdast-util-to-hast                              │
├─────────────────────┼────────────────────────────────────────────────────────┤
│ More info           │ https://github.com/advisories/GHSA-4fh9-h7wg-q85m      │
└─────────────────────┴────────────────────────────────────────────────────────┘
┌─────────────────────┬────────────────────────────────────────────────────────┐
│ moderate            │ Picomatch: Method Injection in POSIX Character Classes │
│                     │ causes incorrect Glob Matching                         │
├─────────────────────┼────────────────────────────────────────────────────────┤
│ Package             │ picomatch                                              │
├─────────────────────┼────────────────────────────────────────────────────────┤
│ Vulnerable versions │ <2.3.2                                                 │
├─────────────────────┼────────────────────────────────────────────────────────┤
│ Patched versions    │ >=2.3.2                                                │
├─────────────────────┼────────────────────────────────────────────────────────┤
│ Paths               │ .>astro>unstorage>anymatch>picomatch                   │
├─────────────────────┼────────────────────────────────────────────────────────┤
│ More info           │ https://github.com/advisories/GHSA-3v7f-55p6-f55p      │
└─────────────────────┴────────────────────────────────────────────────────────┘
┌─────────────────────┬────────────────────────────────────────────────────────┐
│ moderate            │ yaml is vulnerable to Stack Overflow via deeply nested │
│                     │ YAML collections                                       │
├─────────────────────┼────────────────────────────────────────────────────────┤
│ Package             │ yaml                                                   │
├─────────────────────┼────────────────────────────────────────────────────────┤
│ Vulnerable versions │ >=2.0.0 <2.8.3                                         │
├─────────────────────┼────────────────────────────────────────────────────────┤
│ Patched versions    │ >=2.8.3                                                │
├─────────────────────┼────────────────────────────────────────────────────────┤
│ Paths               │ .>@astrojs/check>@astrojs/language-server>volar-       │
│                     │ service-yaml>yaml-language-server>yaml                 │
├─────────────────────┼────────────────────────────────────────────────────────┤
│ More info           │ https://github.com/advisories/GHSA-48c2-rrv3-qjmp      │
└─────────────────────┴────────────────────────────────────────────────────────┘
4 vulnerabilities found
Severity: 3 moderate | 1 high
exit=0
