M	docs/library-packages-upgrade/backlog.yaml
A	docs/library-packages-upgrade/justifications/T-34.md
A	qa-runs/T-34-20260430-135629/visual/404-dark.png
A	qa-runs/T-34-20260430-135629/visual/404-light.png
A	qa-runs/T-34-20260430-135629/visual/about-dark.png
A	qa-runs/T-34-20260430-135629/visual/about-light.png
A	qa-runs/T-34-20260430-135629/visual/home-dark.png
A	qa-runs/T-34-20260430-135629/visual/home-light.png
A	qa-runs/T-34-20260430-135629/visual/post-detail-dark.png
A	qa-runs/T-34-20260430-135629/visual/post-detail-light.png
A	qa-runs/T-34-20260430-135629/visual/posts-dark.png
A	qa-runs/T-34-20260430-135629/visual/posts-light.png
A	qa-runs/T-34-20260430-135629/visual/search-dark.png
A	qa-runs/T-34-20260430-135629/visual/search-light.png
A	qa-runs/T-34-20260430-135629/visual/tags-dark.png
A	qa-runs/T-34-20260430-135629/visual/tags-light.png
A	qa-runs/T-34-20260430-135629/visual/threads-dark.png
A	qa-runs/T-34-20260430-135629/visual/threads-light.png
A	qa-runs/T-34-20260430-135629/visual/tips-dark.png
A	qa-runs/T-34-20260430-135629/visual/tips-light.png
M	src/components/Search.tsx
M	src/styles/base.css
